Archive member included to satisfy reference by file (symbol)

c:/st/stm32cubeide_1.1.0/stm32cubeide/plugins/com.st.stm32cube.ide.mcu.externaltools.gnu-tools-for-stm32.7-2018-q2-update.win32_1.0.0.201904181610/tools/bin/../lib/gcc/arm-none-eabi/7.3.1/../../../../arm-none-eabi/lib/thumb/v7e-m/fpv4-sp/hard\libc_nano.a(lib_a-errno.o)
                              Core/Src/syscalls.o (__errno)
c:/st/stm32cubeide_1.1.0/stm32cubeide/plugins/com.st.stm32cube.ide.mcu.externaltools.gnu-tools-for-stm32.7-2018-q2-update.win32_1.0.0.201904181610/tools/bin/../lib/gcc/arm-none-eabi/7.3.1/../../../../arm-none-eabi/lib/thumb/v7e-m/fpv4-sp/hard\libc_nano.a(lib_a-exit.o)
                              c:/st/stm32cubeide_1.1.0/stm32cubeide/plugins/com.st.stm32cube.ide.mcu.externaltools.gnu-tools-for-stm32.7-2018-q2-update.win32_1.0.0.201904181610/tools/bin/../lib/gcc/arm-none-eabi/7.3.1/../../../../arm-none-eabi/lib/thumb/v7e-m/fpv4-sp/hard/crt0.o (exit)
c:/st/stm32cubeide_1.1.0/stm32cubeide/plugins/com.st.stm32cube.ide.mcu.externaltools.gnu-tools-for-stm32.7-2018-q2-update.win32_1.0.0.201904181610/tools/bin/../lib/gcc/arm-none-eabi/7.3.1/../../../../arm-none-eabi/lib/thumb/v7e-m/fpv4-sp/hard\libc_nano.a(lib_a-impure.o)
                              c:/st/stm32cubeide_1.1.0/stm32cubeide/plugins/com.st.stm32cube.ide.mcu.externaltools.gnu-tools-for-stm32.7-2018-q2-update.win32_1.0.0.201904181610/tools/bin/../lib/gcc/arm-none-eabi/7.3.1/../../../../arm-none-eabi/lib/thumb/v7e-m/fpv4-sp/hard\libc_nano.a(lib_a-exit.o) (_global_impure_ptr)
c:/st/stm32cubeide_1.1.0/stm32cubeide/plugins/com.st.stm32cube.ide.mcu.externaltools.gnu-tools-for-stm32.7-2018-q2-update.win32_1.0.0.201904181610/tools/bin/../lib/gcc/arm-none-eabi/7.3.1/../../../../arm-none-eabi/lib/thumb/v7e-m/fpv4-sp/hard\libc_nano.a(lib_a-init.o)
                              c:/st/stm32cubeide_1.1.0/stm32cubeide/plugins/com.st.stm32cube.ide.mcu.externaltools.gnu-tools-for-stm32.7-2018-q2-update.win32_1.0.0.201904181610/tools/bin/../lib/gcc/arm-none-eabi/7.3.1/../../../../arm-none-eabi/lib/thumb/v7e-m/fpv4-sp/hard/crt0.o (__libc_init_array)
c:/st/stm32cubeide_1.1.0/stm32cubeide/plugins/com.st.stm32cube.ide.mcu.externaltools.gnu-tools-for-stm32.7-2018-q2-update.win32_1.0.0.201904181610/tools/bin/../lib/gcc/arm-none-eabi/7.3.1/../../../../arm-none-eabi/lib/thumb/v7e-m/fpv4-sp/hard\libc_nano.a(lib_a-memset.o)
                              c:/st/stm32cubeide_1.1.0/stm32cubeide/plugins/com.st.stm32cube.ide.mcu.externaltools.gnu-tools-for-stm32.7-2018-q2-update.win32_1.0.0.201904181610/tools/bin/../lib/gcc/arm-none-eabi/7.3.1/../../../../arm-none-eabi/lib/thumb/v7e-m/fpv4-sp/hard/crt0.o (memset)
c:/st/stm32cubeide_1.1.0/stm32cubeide/plugins/com.st.stm32cube.ide.mcu.externaltools.gnu-tools-for-stm32.7-2018-q2-update.win32_1.0.0.201904181610/tools/bin/../lib/gcc/arm-none-eabi/7.3.1/../../../../arm-none-eabi/lib/thumb/v7e-m/fpv4-sp/hard\libc_nano.a(lib_a-strlen.o)
                              Core/Src/uart_task.o (strlen)
c:/st/stm32cubeide_1.1.0/stm32cubeide/plugins/com.st.stm32cube.ide.mcu.externaltools.gnu-tools-for-stm32.7-2018-q2-update.win32_1.0.0.201904181610/tools/bin/../lib/gcc/arm-none-eabi/7.3.1/thumb/v7e-m/fpv4-sp/hard\libgcc.a(_arm_addsubdf3.o)
                              Core/Src/lexilight.o (__aeabi_ui2d)
c:/st/stm32cubeide_1.1.0/stm32cubeide/plugins/com.st.stm32cube.ide.mcu.externaltools.gnu-tools-for-stm32.7-2018-q2-update.win32_1.0.0.201904181610/tools/bin/../lib/gcc/arm-none-eabi/7.3.1/thumb/v7e-m/fpv4-sp/hard\libgcc.a(_arm_muldivdf3.o)
                              Core/Src/lexilight.o (__aeabi_dmul)
c:/st/stm32cubeide_1.1.0/stm32cubeide/plugins/com.st.stm32cube.ide.mcu.externaltools.gnu-tools-for-stm32.7-2018-q2-update.win32_1.0.0.201904181610/tools/bin/../lib/gcc/arm-none-eabi/7.3.1/thumb/v7e-m/fpv4-sp/hard\libgcc.a(_arm_fixunsdfsi.o)
                              Core/Src/lexilight.o (__aeabi_d2uiz)
c:/st/stm32cubeide_1.1.0/stm32cubeide/plugins/com.st.stm32cube.ide.mcu.externaltools.gnu-tools-for-stm32.7-2018-q2-update.win32_1.0.0.201904181610/tools/bin/../lib/gcc/arm-none-eabi/7.3.1/thumb/v7e-m/fpv4-sp/hard\libgcc.a(_aeabi_uldivmod.o)
                              Drivers/STM32F4xx_HAL_Driver/Src/stm32f4xx_hal_rcc.o (__aeabi_uldivmod)
c:/st/stm32cubeide_1.1.0/stm32cubeide/plugins/com.st.stm32cube.ide.mcu.externaltools.gnu-tools-for-stm32.7-2018-q2-update.win32_1.0.0.201904181610/tools/bin/../lib/gcc/arm-none-eabi/7.3.1/thumb/v7e-m/fpv4-sp/hard\libgcc.a(_udivmoddi4.o)
                              c:/st/stm32cubeide_1.1.0/stm32cubeide/plugins/com.st.stm32cube.ide.mcu.externaltools.gnu-tools-for-stm32.7-2018-q2-update.win32_1.0.0.201904181610/tools/bin/../lib/gcc/arm-none-eabi/7.3.1/thumb/v7e-m/fpv4-sp/hard\libgcc.a(_aeabi_uldivmod.o) (__udivmoddi4)
[...]
Memory Configuration

Name             Origin             Length             Attributes
CCMRAM           0x0000000010000000 0x0000000000010000 xrw
RAM              0x0000000020000000 0x0000000000030000 xrw
FLASH            0x0000000008000000 0x0000000000200000 xr
*default*        0x0000000000000000 0xffffffffffffffff

Linker script and memory map

LOAD c:/st/stm32cubeide_1.1.0/stm32cubeide/plugins/com.st.stm32cube.ide.mcu.externaltools.gnu-tools-for-stm32.7-2018-q2-update.win32_1.0.0.201904181610/tools/bin/../lib/gcc/arm-none-eabi/7.3.1/thumb/v7e-m/fpv4-sp/hard/crti.o
LOAD c:/st/stm32cubeide_1.1.0/stm32cubeide/plugins/com.st.stm32cube.ide.mcu.externaltools.gnu-tools-for-stm32.7-2018-q2-update.win32_1.0.0.201904181610/tools/bin/../lib/gcc/arm-none-eabi/7.3.1/thumb/v7e-m/fpv4-sp/hard/crtbegin.o
LOAD c:/st/stm32cubeide_1.1.0/stm32cubeide/plugins/com.st.stm32cube.ide.mcu.externaltools.gnu-tools-for-stm32.7-2018-q2-update.win32_1.0.0.201904181610/tools/bin/../lib/gcc/arm-none-eabi/7.3.1/../../../../arm-none-eabi/lib/thumb/v7e-m/fpv4-sp/hard/crt0.o
LOAD Core/Src/lexilight.o
LOAD Core/Src/main.o
LOAD Core/Src/stm32f4xx_hal_msp.o
LOAD Core/Src/stm32f4xx_it.o
LOAD Core/Src/syscalls.o
LOAD Core/Src/sysmem.o
LOAD Core/Src/system_stm32f4xx.o
LOAD Core/Src/uart_task.o
LOAD Core/Startup/startup_stm32f429vitx.o
LOAD Drivers/BSP/Components/st7789h2/st7789h2.o
LOAD Drivers/STM32F4xx_HAL_Driver/Src/stm32f4xx_hal.o
LOAD Drivers/STM32F4xx_HAL_Driver/Src/stm32f4xx_hal_cortex.o
LOAD Drivers/STM32F4xx_HAL_Driver/Src/stm32f4xx_hal_crc.o
LOAD Drivers/STM32F4xx_HAL_Driver/Src/stm32f4xx_hal_dac.o
LOAD Drivers/STM32F4xx_HAL_Driver/Src/stm32f4xx_hal_dac_ex.o
LOAD Drivers/STM32F4xx_HAL_Driver/Src/stm32f4xx_hal_dma.o
LOAD Drivers/STM32F4xx_HAL_Driver/Src/stm32f4xx_hal_dma2d.o
LOAD Drivers/STM32F4xx_HAL_Driver/Src/stm32f4xx_hal_dma_ex.o
LOAD Drivers/STM32F4xx_HAL_Driver/Src/stm32f4xx_hal_dsi.o
LOAD Drivers/STM32F4xx_HAL_Driver/Src/stm32f4xx_hal_exti.o
LOAD Drivers/STM32F4xx_HAL_Driver/Src/stm32f4xx_hal_flash.o
LOAD Drivers/STM32F4xx_HAL_Driver/Src/stm32f4xx_hal_flash_ex.o
LOAD Drivers/STM32F4xx_HAL_Driver/Src/stm32f4xx_hal_flash_ramfunc.o
LOAD Drivers/STM32F4xx_HAL_Driver/Src/stm32f4xx_hal_gpio.o
LOAD Drivers/STM32F4xx_HAL_Driver/Src/stm32f4xx_hal_ltdc.o
LOAD Drivers/STM32F4xx_HAL_Driver/Src/stm32f4xx_hal_ltdc_ex.o
LOAD Drivers/STM32F4xx_HAL_Driver/Src/stm32f4xx_hal_pwr.o
LOAD Drivers/STM32F4xx_HAL_Driver/Src/stm32f4xx_hal_pwr_ex.o
LOAD Drivers/STM32F4xx_HAL_Driver/Src/stm32f4xx_hal_rcc.o
LOAD Drivers/STM32F4xx_HAL_Driver/Src/stm32f4xx_hal_rcc_ex.o
LOAD Drivers/STM32F4xx_HAL_Driver/Src/stm32f4xx_hal_spi.o
LOAD Drivers/STM32F4xx_HAL_Driver/Src/stm32f4xx_hal_tim.o
LOAD Drivers/STM32F4xx_HAL_Driver/Src/stm32f4xx_hal_tim_ex.o
LOAD Drivers/STM32F4xx_HAL_Driver/Src/stm32f4xx_hal_uart.o
START GROUP
LOAD c:/st/stm32cubeide_1.1.0/stm32cubeide/plugins/com.st.stm32cube.ide.mcu.externaltools.gnu-tools-for-stm32.7-2018-q2-update.win32_1.0.0.201904181610/tools/bin/../lib/gcc/arm-none-eabi/7.3.1/../../../../arm-none-eabi/lib/thumb/v7e-m/fpv4-sp/hard\libc_nano.a
LOAD c:/st/stm32cubeide_1.1.0/stm32cubeide/plugins/com.st.stm32cube.ide.mcu.externaltools.gnu-tools-for-stm32.7-2018-q2-update.win32_1.0.0.201904181610/tools/bin/../lib/gcc/arm-none-eabi/7.3.1/../../../../arm-none-eabi/lib/thumb/v7e-m/fpv4-sp/hard\libm.a
END GROUP
START GROUP
LOAD c:/st/stm32cubeide_1.1.0/stm32cubeide/plugins/com.st.stm32cube.ide.mcu.externaltools.gnu-tools-for-stm32.7-2018-q2-update.win32_1.0.0.201904181610/tools/bin/../lib/gcc/arm-none-eabi/7.3.1/thumb/v7e-m/fpv4-sp/hard\libgcc.a
LOAD c:/st/stm32cubeide_1.1.0/stm32cubeide/plugins/com.st.stm32cube.ide.mcu.externaltools.gnu-tools-for-stm32.7-2018-q2-update.win32_1.0.0.201904181610/tools/bin/../lib/gcc/arm-none-eabi/7.3.1/../../../../arm-none-eabi/lib/thumb/v7e-m/fpv4-sp/hard\libc_nano.a
END GROUP
START GROUP
LOAD c:/st/stm32cubeide_1.1.0/stm32cubeide/plugins/com.st.stm32cube.ide.mcu.externaltools.gnu-tools-for-stm32.7-2018-q2-update.win32_1.0.0.201904181610/tools/bin/../lib/gcc/arm-none-eabi/7.3.1/thumb/v7e-m/fpv4-sp/hard\libgcc.a
LOAD c:/st/stm32cubeide_1.1.0/stm32cubeide/plugins/com.st.stm32cube.ide.mcu.externaltools.gnu-tools-for-stm32.7-2018-q2-update.win32_1.0.0.201904181610/tools/bin/../lib/gcc/arm-none-eabi/7.3.1/../../../../arm-none-eabi/lib/thumb/v7e-m/fpv4-sp/hard\libc_nano.a
LOAD c:/st/stm32cubeide_1.1.0/stm32cubeide/plugins/com.st.stm32cube.ide.mcu.externaltools.gnu-tools-for-stm32.7-2018-q2-update.win32_1.0.0.201904181610/tools/bin/../lib/gcc/arm-none-eabi/7.3.1/../../../../arm-none-eabi/lib/thumb/v7e-m/fpv4-sp/hard\libnosys.a
END GROUP
START GROUP
LOAD c:/st/stm32cubeide_1.1.0/stm32cubeide/plugins/com.st.stm32cube.ide.mcu.externaltools.gnu-tools-for-stm32.7-2018-q2-update.win32_1.0.0.201904181610/tools/bin/../lib/gcc/arm-none-eabi/7.3.1/thumb/v7e-m/fpv4-sp/hard\libgcc.a
LOAD c:/st/stm32cubeide_1.1.0/stm32cubeide/plugins/com.st.stm32cube.ide.mcu.externaltools.gnu-tools-for-stm32.7-2018-q2-update.win32_1.0.0.201904181610/tools/bin/../lib/gcc/arm-none-eabi/7.3.1/../../../../arm-none-eabi/lib/thumb/v7e-m/fpv4-sp/hard\libc_nano.a
LOAD c:/st/stm32cubeide_1.1.0/stm32cubeide/plugins/com.st.stm32cube.ide.mcu.externaltools.gnu-tools-for-stm32.7-2018-q2-update.win32_1.0.0.201904181610/tools/bin/../lib/gcc/arm-none-eabi/7.3.1/../../../../arm-none-eabi/lib/thumb/v7e-m/fpv4-sp/hard\libnosys.a
END GROUP
LOAD c:/st/stm32cubeide_1.1.0/stm32cubeide/plugins/com.st.stm32cube.ide.mcu.externaltools.gnu-tools-for-stm32.7-2018-q2-update.win32_1.0.0.201904181610/tools/bin/../lib/gcc/arm-none-eabi/7.3.1/thumb/v7e-m/fpv4-sp/hard/crtend.o
LOAD c:/st/stm32cubeide_1.1.0/stm32cubeide/plugins/com.st.stm32cube.ide.mcu.externaltools.gnu-tools-for-stm32.7-2018-q2-update.win32_1.0.0.201904181610/tools/bin/../lib/gcc/arm-none-eabi/7.3.1/thumb/v7e-m/fpv4-sp/hard/crtn.o
                0x0000000020030000                _estack = (ORIGIN (RAM) + LENGTH (RAM))
                0x0000000000000200                _Min_Heap_Size = 0x200
                0x0000000000000400                _Min_Stack_Size = 0x400

.isr_vector     0x0000000008000000      0x1ac
                0x0000000008000000                . = ALIGN (0x4)
 *(.isr_vector)
 .isr_vector    0x0000000008000000      0x1ac Core/Startup/startup_stm32f429vitx.o
                0x0000000008000000                g_pfnVectors
                0x00000000080001ac                . = ALIGN (0x4)

.text           0x00000000080001b0     0x51ac
                0x00000000080001b0                . = ALIGN (0x4)
 *(.text)
 .text          0x00000000080001b0       0x40 c:/st/stm32cubeide_1.1.0/stm32cubeide/plugins/com.st.stm32cube.ide.mcu.externaltools.gnu-tools-for-stm32.7-2018-q2-update.win32_1.0.0.201904181610/tools/bin/../lib/gcc/arm-none-eabi/7.3.1/thumb/v7e-m/fpv4-sp/hard/crtbegin.o
 .text          0x00000000080001f0      0x378 c:/st/stm32cubeide_1.1.0/stm32cubeide/plugins/com.st.stm32cube.ide.mcu.externaltools.gnu-tools-for-stm32.7-2018-q2-update.win32_1.0.0.201904181610/tools/bin/../lib/gcc/arm-none-eabi/7.3.1/thumb/v7e-m/fpv4-sp/hard\libgcc.a(_arm_addsubdf3.o)
                0x00000000080001f0                __aeabi_drsub
                0x00000000080001f8                __aeabi_dsub
                0x00000000080001f8                __subdf3
                0x00000000080001fc                __aeabi_dadd
                0x00000000080001fc                __adddf3
                0x0000000008000474                __floatunsidf
                0x0000000008000474                __aeabi_ui2d
                0x0000000008000494                __floatsidf
                0x0000000008000494                __aeabi_i2d
                0x00000000080004b8                __aeabi_f2d
                0x00000000080004b8                __extendsfdf2
                0x00000000080004fc                __floatundidf
                0x00000000080004fc                __aeabi_ul2d
                0x000000000800050c                __floatdidf
                0x000000000800050c                __aeabi_l2d
 .text          0x0000000008000568      0x424 c:/st/stm32cubeide_1.1.0/stm32cubeide/plugins/com.st.stm32cube.ide.mcu.externaltools.gnu-tools-for-stm32.7-2018-q2-update.win32_1.0.0.201904181610/tools/bin/../lib/gcc/arm-none-eabi/7.3.1/thumb/v7e-m/fpv4-sp/hard\libgcc.a(_arm_muldivdf3.o)
                0x0000000008000568                __aeabi_dmul
                0x0000000008000568                __muldf3
                0x00000000080007bc                __divdf3
                0x00000000080007bc                __aeabi_ddiv
 .text          0x000000000800098c       0x40 c:/st/stm32cubeide_1.1.0/stm32cubeide/plugins/com.st.stm32cube.ide.mcu.externaltools.gnu-tools-for-stm32.7-2018-q2-update.win32_1.0.0.201904181610/tools/bin/../lib/gcc/arm-none-eabi/7.3.1/thumb/v7e-m/fpv4-sp/hard\libgcc.a(_arm_fixunsdfsi.o)
                0x000000000800098c                __aeabi_d2uiz
                0x000000000800098c                __fixunsdfsi
 .text          0x00000000080009cc       0x30 c:/st/stm32cubeide_1.1.0/stm32cubeide/plugins/com.st.stm32cube.ide.mcu.externaltools.gnu-tools-for-stm32.7-2018-q2-update.win32_1.0.0.201904181610/tools/bin/../lib/gcc/arm-none-eabi/7.3.1/thumb/v7e-m/fpv4-sp/hard\libgcc.a(_aeabi_uldivmod.o)
                0x00000000080009cc                __aeabi_uldivmod
 .text          0x00000000080009fc      0x2cc c:/st/stm32cubeide_1.1.0/stm32cubeide/plugins/com.st.stm32cube.ide.mcu.externaltools.gnu-tools-for-stm32.7-2018-q2-update.win32_1.0.0.201904181610/tools/bin/../lib/gcc/arm-none-eabi/7.3.1/thumb/v7e-m/fpv4-sp/hard\libgcc.a(_udivmoddi4.o)
                0x00000000080009fc                __udivmoddi4
 .text          0x0000000008000cc8        0x4 c:/st/stm32cubeide_1.1.0/stm32cubeide/plugins/com.st.stm32cube.ide.mcu.externaltools.gnu-tools-for-stm32.7-2018-q2-update.win32_1.0.0.201904181610/tools/bin/../lib/gcc/arm-none-eabi/7.3.1/thumb/v7e-m/fpv4-sp/hard\libgcc.a(_dvmd_tls.o)
                0x0000000008000cc8                __aeabi_idiv0
                0x0000000008000cc8                __aeabi_ldiv0
 *(.text*)
 .text.Lexi_Init_Data
                0x0000000008000ccc       0x5c Core/Src/lexilight.o
                0x0000000008000ccc                Lexi_Init_Data
 .text.Lexi_Task
                0x0000000008000d28      0x1bc Core/Src/lexilight.o
                0x0000000008000d28                Lexi_Task
 .text.Lexi_DO_LED_PWM
                0x0000000008000ee4       0xac Core/Src/lexilight.o
                0x0000000008000ee4                Lexi_DO_LED_PWM
 .text.Lexi_DO_Standard_PWM
                0x0000000008000f90       0x2e Core/Src/lexilight.o
                0x0000000008000f90                Lexi_DO_Standard_PWM
 *fill*         0x0000000008000fbe        0x2 
 .text.Lexi_DO_PWM_LUM_DRIVER
                0x0000000008000fc0      0x274 Core/Src/lexilight.o
                0x0000000008000fc0                Lexi_DO_PWM_LUM_DRIVER
 .text.main     0x0000000008001234       0xc4 Core/Src/main.o
                0x0000000008001234                main
 .text.SystemClock_Config
                0x00000000080012f8      0x110 Core/Src/main.o
                0x00000000080012f8                SystemClock_Config
 .text.MX_CRC_Init
                0x0000000008001408       0x28 Core/Src/main.o
 .text.MX_DAC_Init
                0x0000000008001430       0x54 Core/Src/main.o
 .text.MX_DMA2D_Init
                0x0000000008001484       0x64 Core/Src/main.o
 .text.MX_LTDC_Init
                0x00000000080014e8      0x164 Core/Src/main.o
 .text.MX_SPI3_Init
                0x000000000800164c       0x70 Core/Src/main.o
 .text.MX_TIM1_Init
                0x00000000080016bc       0xa0 Core/Src/main.o
 .text.MX_TIM2_Init
                0x000000000800175c       0xb0 Core/Src/main.o
 .text.MX_TIM3_Init
                0x000000000800180c       0xb0 Core/Src/main.o
 .text.MX_TIM4_Init
                0x00000000080018bc       0xb0 Core/Src/main.o
 .text.MX_UART4_Init
                0x000000000800196c       0x54 Core/Src/main.o
 .text.MX_UART7_Init
                0x00000000080019c0       0x54 Core/Src/main.o
 .text.MX_GPIO_Init
                0x0000000008001a14      0x2f0 Core/Src/main.o
 .text.Error_Handler
                0x0000000008001d04        0xe Core/Src/main.o
                0x0000000008001d04                Error_Handler
 *fill*         0x0000000008001d12        0x2 
 .text.HAL_MspInit
                0x0000000008001d14       0x50 Core/Src/stm32f4xx_hal_msp.o
                0x0000000008001d14                HAL_MspInit
 .text.HAL_CRC_MspInit
                0x0000000008001d64       0x44 Core/Src/stm32f4xx_hal_msp.o
                0x0000000008001d64                HAL_CRC_MspInit
 .text.HAL_DAC_MspInit
                0x0000000008001da8       0x88 Core/Src/stm32f4xx_hal_msp.o
                0x0000000008001da8                HAL_DAC_MspInit
 .text.HAL_DMA2D_MspInit
                0x0000000008001e30       0x44 Core/Src/stm32f4xx_hal_msp.o
                0x0000000008001e30                HAL_DMA2D_MspInit
 .text.HAL_LTDC_MspInit
                0x0000000008001e74      0x1b8 Core/Src/stm32f4xx_hal_msp.o
                0x0000000008001e74                HAL_LTDC_MspInit
 .text.HAL_SPI_MspInit
                0x000000000800202c       0x90 Core/Src/stm32f4xx_hal_msp.o
                0x000000000800202c                HAL_SPI_MspInit
 .text.HAL_TIM_Base_MspInit
                0x00000000080020bc       0x44 Core/Src/stm32f4xx_hal_msp.o
                0x00000000080020bc                HAL_TIM_Base_MspInit
 .text.HAL_TIM_PWM_MspInit
                0x0000000008002100       0x98 Core/Src/stm32f4xx_hal_msp.o
                0x0000000008002100                HAL_TIM_PWM_MspInit
 .text.HAL_TIM_MspPostInit
                0x0000000008002198      0x114 Core/Src/stm32f4xx_hal_msp.o
                0x0000000008002198                HAL_TIM_MspPostInit
 .text.HAL_UART_MspInit
                0x00000000080022ac       0xfc Core/Src/stm32f4xx_hal_msp.o
                0x00000000080022ac                HAL_UART_MspInit
 .text.NMI_Handler
                0x00000000080023a8        0xe Core/Src/stm32f4xx_it.o
                0x00000000080023a8                NMI_Handler
 .text.HardFault_Handler
                0x00000000080023b6        0x6 Core/Src/stm32f4xx_it.o
                0x00000000080023b6                HardFault_Handler
 .text.MemManage_Handler
                0x00000000080023bc        0x6 Core/Src/stm32f4xx_it.o
                0x00000000080023bc                MemManage_Handler
 .text.BusFault_Handler
                0x00000000080023c2        0x6 Core/Src/stm32f4xx_it.o
                0x00000000080023c2                BusFault_Handler
 .text.UsageFault_Handler
                0x00000000080023c8        0x6 Core/Src/stm32f4xx_it.o
                0x00000000080023c8                UsageFault_Handler
 .text.SVC_Handler
                0x00000000080023ce        0xe Core/Src/stm32f4xx_it.o
                0x00000000080023ce                SVC_Handler
 .text.DebugMon_Handler
                0x00000000080023dc        0xe Core/Src/stm32f4xx_it.o
                0x00000000080023dc                DebugMon_Handler
 .text.PendSV_Handler
                0x00000000080023ea        0xe Core/Src/stm32f4xx_it.o
                0x00000000080023ea                PendSV_Handler
 .text.SysTick_Handler
                0x00000000080023f8        0xc Core/Src/stm32f4xx_it.o
                0x00000000080023f8                SysTick_Handler
 .text.SystemInit
                0x0000000008002404       0x2c Core/Src/system_stm32f4xx.o
                0x0000000008002404                SystemInit
 .text.Reset_Handler
                0x0000000008002430       0x50 Core/Startup/startup_stm32f429vitx.o
                0x0000000008002430                Reset_Handler
 .text.Default_Handler
                0x0000000008002480        0x2 Core/Startup/startup_stm32f429vitx.o
                0x0000000008002480                RTC_Alarm_IRQHandler
                0x0000000008002480                HASH_RNG_IRQHandler
                0x0000000008002480                EXTI2_IRQHandler
                0x0000000008002480                TIM8_CC_IRQHandler
                0x0000000008002480                UART8_IRQHandler
                0x0000000008002480                SPI4_IRQHandler
                0x0000000008002480                TIM1_CC_IRQHandler
                0x0000000008002480                DMA2_Stream5_IRQHandler
                0x0000000008002480                DMA1_Stream5_IRQHandler
                0x0000000008002480                PVD_IRQHandler
                0x0000000008002480                SDIO_IRQHandler
                0x0000000008002480                TAMP_STAMP_IRQHandler
                0x0000000008002480                CAN2_RX1_IRQHandler
                0x0000000008002480                EXTI3_IRQHandler
                0x0000000008002480                TIM8_TRG_COM_TIM14_IRQHandler
                0x0000000008002480                TIM1_UP_TIM10_IRQHandler
                0x0000000008002480                TIM8_UP_TIM13_IRQHandler
                0x0000000008002480                I2C3_ER_IRQHandler
                0x0000000008002480                EXTI0_IRQHandler
                0x0000000008002480                I2C2_EV_IRQHandler
                0x0000000008002480                DMA1_Stream2_IRQHandler
                0x0000000008002480                CAN1_RX0_IRQHandler
                0x0000000008002480                FPU_IRQHandler
                0x0000000008002480                OTG_HS_WKUP_IRQHandler
                0x0000000008002480                LTDC_ER_IRQHandler
                0x0000000008002480                CAN2_SCE_IRQHandler
                0x0000000008002480                DMA2_Stream2_IRQHandler
                0x0000000008002480                SPI1_IRQHandler
                0x0000000008002480                TIM6_DAC_IRQHandler
                0x0000000008002480                TIM1_BRK_TIM9_IRQHandler
                0x0000000008002480                DCMI_IRQHandler
                0x0000000008002480                CAN2_RX0_IRQHandler
                0x0000000008002480                DMA2_Stream3_IRQHandler
                0x0000000008002480                USART6_IRQHandler
                0x0000000008002480                USART3_IRQHandler
                0x0000000008002480                CAN1_RX1_IRQHandler
                0x0000000008002480                UART5_IRQHandler
                0x0000000008002480                DMA2_Stream0_IRQHandler
                0x0000000008002480                TIM4_IRQHandler
                0x0000000008002480                I2C1_EV_IRQHandler
                0x0000000008002480                DMA1_Stream6_IRQHandler
                0x0000000008002480                DMA1_Stream1_IRQHandler
                0x0000000008002480                UART4_IRQHandler
                0x0000000008002480                TIM3_IRQHandler
                0x0000000008002480                RCC_IRQHandler
                0x0000000008002480                TIM8_BRK_TIM12_IRQHandler
                0x0000000008002480                Default_Handler
                0x0000000008002480                EXTI15_10_IRQHandler
                0x0000000008002480                ADC_IRQHandler
                0x0000000008002480                DMA1_Stream7_IRQHandler
                0x0000000008002480                SPI5_IRQHandler
                0x0000000008002480                TIM7_IRQHandler
                0x0000000008002480                CAN2_TX_IRQHandler
                0x0000000008002480                TIM5_IRQHandler
                0x0000000008002480                DMA2_Stream7_IRQHandler
                0x0000000008002480                I2C3_EV_IRQHandler
                0x0000000008002480                EXTI9_5_IRQHandler
                0x0000000008002480                RTC_WKUP_IRQHandler
                0x0000000008002480                LTDC_IRQHandler
                0x0000000008002480                ETH_WKUP_IRQHandler
                0x0000000008002480                SPI2_IRQHandler
                0x0000000008002480                OTG_HS_EP1_IN_IRQHandler
                0x0000000008002480                DMA1_Stream0_IRQHandler
                0x0000000008002480                CAN1_TX_IRQHandler
                0x0000000008002480                EXTI4_IRQHandler
                0x0000000008002480                ETH_IRQHandler
                0x0000000008002480                OTG_HS_EP1_OUT_IRQHandler
                0x0000000008002480                WWDG_IRQHandler
                0x0000000008002480                SPI6_IRQHandler
                0x0000000008002480                TIM2_IRQHandler
                0x0000000008002480                OTG_FS_WKUP_IRQHandler
                0x0000000008002480                TIM1_TRG_COM_TIM11_IRQHandler
                0x0000000008002480                OTG_HS_IRQHandler
                0x0000000008002480                DMA2D_IRQHandler
                0x0000000008002480                EXTI1_IRQHandler
                0x0000000008002480                UART7_IRQHandler
                0x0000000008002480                USART2_IRQHandler
                0x0000000008002480                I2C2_ER_IRQHandler
                0x0000000008002480                DMA2_Stream1_IRQHandler
                0x0000000008002480                CAN1_SCE_IRQHandler
                0x0000000008002480                FLASH_IRQHandler
                0x0000000008002480                DMA2_Stream4_IRQHandler
                0x0000000008002480                USART1_IRQHandler
                0x0000000008002480                OTG_FS_IRQHandler
                0x0000000008002480                SPI3_IRQHandler
                0x0000000008002480                DMA1_Stream4_IRQHandler
                0x0000000008002480                I2C1_ER_IRQHandler
                0x0000000008002480                FMC_IRQHandler
                0x0000000008002480                DMA2_Stream6_IRQHandler
                0x0000000008002480                SAI1_IRQHandler
                0x0000000008002480                DMA1_Stream3_IRQHandler
 *fill*         0x0000000008002482        0x2 
 .text.HAL_Init
                0x0000000008002484       0x44 Drivers/STM32F4xx_HAL_Driver/Src/stm32f4xx_hal.o
                0x0000000008002484                HAL_Init
 .text.HAL_InitTick
                0x00000000080024c8       0x60 Drivers/STM32F4xx_HAL_Driver/Src/stm32f4xx_hal.o
                0x00000000080024c8                HAL_InitTick
 .text.HAL_IncTick
                0x0000000008002528       0x28 Drivers/STM32F4xx_HAL_Driver/Src/stm32f4xx_hal.o
                0x0000000008002528                HAL_IncTick
 .text.HAL_GetTick
                0x0000000008002550       0x18 Drivers/STM32F4xx_HAL_Driver/Src/stm32f4xx_hal.o
                0x0000000008002550                HAL_GetTick
 .text.HAL_Delay
                0x0000000008002568       0x44 Drivers/STM32F4xx_HAL_Driver/Src/stm32f4xx_hal.o
                0x0000000008002568                HAL_Delay
 .text.__NVIC_SetPriorityGrouping
                0x00000000080025ac       0x48 Drivers/STM32F4xx_HAL_Driver/Src/stm32f4xx_hal_cortex.o
 .text.__NVIC_GetPriorityGrouping
                0x00000000080025f4       0x1c Drivers/STM32F4xx_HAL_Driver/Src/stm32f4xx_hal_cortex.o
 .text.__NVIC_SetPriority
                0x0000000008002610       0x54 Drivers/STM32F4xx_HAL_Driver/Src/stm32f4xx_hal_cortex.o
 .text.NVIC_EncodePriority
                0x0000000008002664       0x66 Drivers/STM32F4xx_HAL_Driver/Src/stm32f4xx_hal_cortex.o
 *fill*         0x00000000080026ca        0x2 
 .text.SysTick_Config
                0x00000000080026cc       0x44 Drivers/STM32F4xx_HAL_Driver/Src/stm32f4xx_hal_cortex.o
 .text.HAL_NVIC_SetPriorityGrouping
                0x0000000008002710       0x16 Drivers/STM32F4xx_HAL_Driver/Src/stm32f4xx_hal_cortex.o
                0x0000000008002710                HAL_NVIC_SetPriorityGrouping
 .text.HAL_NVIC_SetPriority
                0x0000000008002726       0x38 Drivers/STM32F4xx_HAL_Driver/Src/stm32f4xx_hal_cortex.o
                0x0000000008002726                HAL_NVIC_SetPriority
 .text.HAL_SYSTICK_Config
                0x000000000800275e       0x18 Drivers/STM32F4xx_HAL_Driver/Src/stm32f4xx_hal_cortex.o
                0x000000000800275e                HAL_SYSTICK_Config
 .text.HAL_CRC_Init
                0x0000000008002776       0x38 Drivers/STM32F4xx_HAL_Driver/Src/stm32f4xx_hal_crc.o
                0x0000000008002776                HAL_CRC_Init
 .text.HAL_DAC_Init
                0x00000000080027ae       0x44 Drivers/STM32F4xx_HAL_Driver/Src/stm32f4xx_hal_dac.o
                0x00000000080027ae                HAL_DAC_Init
 .text.HAL_DAC_ConfigChannel
                0x00000000080027f2       0x9a Drivers/STM32F4xx_HAL_Driver/Src/stm32f4xx_hal_dac.o
                0x00000000080027f2                HAL_DAC_ConfigChannel
 .text.HAL_DMA2D_Init
                0x000000000800288c       0x92 Drivers/STM32F4xx_HAL_Driver/Src/stm32f4xx_hal_dma2d.o
                0x000000000800288c                HAL_DMA2D_Init
 *fill*         0x000000000800291e        0x2 
 .text.HAL_DMA2D_ConfigLayer
                0x0000000008002920      0x124 Drivers/STM32F4xx_HAL_Driver/Src/stm32f4xx_hal_dma2d.o
                0x0000000008002920                HAL_DMA2D_ConfigLayer
 .text.HAL_GPIO_Init
                0x0000000008002a44      0x354 Drivers/STM32F4xx_HAL_Driver/Src/stm32f4xx_hal_gpio.o
                0x0000000008002a44                HAL_GPIO_Init
 .text.HAL_GPIO_WritePin
                0x0000000008002d98       0x32 Drivers/STM32F4xx_HAL_Driver/Src/stm32f4xx_hal_gpio.o
                0x0000000008002d98                HAL_GPIO_WritePin
 *fill*         0x0000000008002dca        0x2 
 .text.HAL_LTDC_Init
                0x0000000008002dcc      0x1a0 Drivers/STM32F4xx_HAL_Driver/Src/stm32f4xx_hal_ltdc.o
                0x0000000008002dcc                HAL_LTDC_Init
 .text.HAL_LTDC_ConfigLayer
                0x0000000008002f6c       0x7c Drivers/STM32F4xx_HAL_Driver/Src/stm32f4xx_hal_ltdc.o
                0x0000000008002f6c                HAL_LTDC_ConfigLayer
 .text.LTDC_SetConfig
                0x0000000008002fe8      0x32e Drivers/STM32F4xx_HAL_Driver/Src/stm32f4xx_hal_ltdc.o
 *fill*         0x0000000008003316        0x2 
 .text.HAL_RCC_OscConfig
                0x0000000008003318      0x4e0 Drivers/STM32F4xx_HAL_Driver/Src/stm32f4xx_hal_rcc.o
                0x0000000008003318                HAL_RCC_OscConfig
 .text.HAL_RCC_ClockConfig
                0x00000000080037f8      0x1cc Drivers/STM32F4xx_HAL_Driver/Src/stm32f4xx_hal_rcc.o
                0x00000000080037f8                HAL_RCC_ClockConfig
 .text.HAL_RCC_GetSysClockFreq
                0x00000000080039c4      0x164 Drivers/STM32F4xx_HAL_Driver/Src/stm32f4xx_hal_rcc.o
                0x00000000080039c4                HAL_RCC_GetSysClockFreq
 .text.HAL_RCC_GetHCLKFreq
                0x0000000008003b28       0x18 Drivers/STM32F4xx_HAL_Driver/Src/stm32f4xx_hal_rcc.o
                0x0000000008003b28                HAL_RCC_GetHCLKFreq
 .text.HAL_RCC_GetPCLK1Freq
                0x0000000008003b40       0x28 Drivers/STM32F4xx_HAL_Driver/Src/stm32f4xx_hal_rcc.o
                0x0000000008003b40                HAL_RCC_GetPCLK1Freq
 .text.HAL_RCC_GetPCLK2Freq
                0x0000000008003b68       0x28 Drivers/STM32F4xx_HAL_Driver/Src/stm32f4xx_hal_rcc.o
                0x0000000008003b68                HAL_RCC_GetPCLK2Freq
 .text.HAL_RCCEx_PeriphCLKConfig
                0x0000000008003b90      0x37c Drivers/STM32F4xx_HAL_Driver/Src/stm32f4xx_hal_rcc_ex.o
                0x0000000008003b90                HAL_RCCEx_PeriphCLKConfig
 .text.HAL_SPI_Init
                0x0000000008003f0c       0xc8 Drivers/STM32F4xx_HAL_Driver/Src/stm32f4xx_hal_spi.o
                0x0000000008003f0c                HAL_SPI_Init
 .text.HAL_TIM_Base_Init
                0x0000000008003fd4       0x56 Drivers/STM32F4xx_HAL_Driver/Src/stm32f4xx_hal_tim.o
                0x0000000008003fd4                HAL_TIM_Base_Init
 .text.HAL_TIM_Base_Start
                0x000000000800402a       0x48 Drivers/STM32F4xx_HAL_Driver/Src/stm32f4xx_hal_tim.o
                0x000000000800402a                HAL_TIM_Base_Start
 .text.HAL_TIM_PWM_Init
                0x0000000008004072       0x56 Drivers/STM32F4xx_HAL_Driver/Src/stm32f4xx_hal_tim.o
                0x0000000008004072                HAL_TIM_PWM_Init
 .text.HAL_TIM_PWM_Start
                0x00000000080040c8       0x7c Drivers/STM32F4xx_HAL_Driver/Src/stm32f4xx_hal_tim.o
                0x00000000080040c8                HAL_TIM_PWM_Start
 .text.HAL_TIM_PWM_ConfigChannel
                0x0000000008004144      0x18c Drivers/STM32F4xx_HAL_Driver/Src/stm32f4xx_hal_tim.o
                0x0000000008004144                HAL_TIM_PWM_ConfigChannel
 .text.HAL_TIM_ConfigClockSource
                0x00000000080042d0      0x16e Drivers/STM32F4xx_HAL_Driver/Src/stm32f4xx_hal_tim.o
                0x00000000080042d0                HAL_TIM_ConfigClockSource
 *fill*         0x000000000800443e        0x2 
 .text.TIM_Base_SetConfig
                0x0000000008004440      0x140 Drivers/STM32F4xx_HAL_Driver/Src/stm32f4xx_hal_tim.o
                0x0000000008004440                TIM_Base_SetConfig
 .text.TIM_OC1_SetConfig
                0x0000000008004580       0xe0 Drivers/STM32F4xx_HAL_Driver/Src/stm32f4xx_hal_tim.o
 .text.TIM_OC2_SetConfig
                0x0000000008004660       0xec Drivers/STM32F4xx_HAL_Driver/Src/stm32f4xx_hal_tim.o
                0x0000000008004660                TIM_OC2_SetConfig
 .text.TIM_OC3_SetConfig
                0x000000000800474c       0xe8 Drivers/STM32F4xx_HAL_Driver/Src/stm32f4xx_hal_tim.o
 .text.TIM_OC4_SetConfig
                0x0000000008004834       0xac Drivers/STM32F4xx_HAL_Driver/Src/stm32f4xx_hal_tim.o
 .text.TIM_TI1_ConfigInputStage
                0x00000000080048e0       0x5e Drivers/STM32F4xx_HAL_Driver/Src/stm32f4xx_hal_tim.o
 .text.TIM_TI2_ConfigInputStage
                0x000000000800493e       0x60 Drivers/STM32F4xx_HAL_Driver/Src/stm32f4xx_hal_tim.o
 .text.TIM_ITRx_SetConfig
                0x000000000800499e       0x36 Drivers/STM32F4xx_HAL_Driver/Src/stm32f4xx_hal_tim.o
 .text.TIM_ETR_SetConfig
                0x00000000080049d4       0x40 Drivers/STM32F4xx_HAL_Driver/Src/stm32f4xx_hal_tim.o
                0x00000000080049d4                TIM_ETR_SetConfig
 .text.TIM_CCxChannelCmd
                0x0000000008004a14       0x4a Drivers/STM32F4xx_HAL_Driver/Src/stm32f4xx_hal_tim.o
                0x0000000008004a14                TIM_CCxChannelCmd
 *fill*         0x0000000008004a5e        0x2 
 .text.HAL_TIMEx_MasterConfigSynchronization
                0x0000000008004a60       0xf8 Drivers/STM32F4xx_HAL_Driver/Src/stm32f4xx_hal_tim_ex.o
                0x0000000008004a60                HAL_TIMEx_MasterConfigSynchronization
 .text.HAL_UART_Init
                0x0000000008004b58       0x9a Drivers/STM32F4xx_HAL_Driver/Src/stm32f4xx_hal_uart.o
                0x0000000008004b58                HAL_UART_Init
 *fill*         0x0000000008004bf2        0x2 
 .text.UART_SetConfig
                0x0000000008004bf4      0x6f8 Drivers/STM32F4xx_HAL_Driver/Src/stm32f4xx_hal_uart.o
 .text.__libc_init_array
                0x00000000080052ec       0x48 c:/st/stm32cubeide_1.1.0/stm32cubeide/plugins/com.st.stm32cube.ide.mcu.externaltools.gnu-tools-for-stm32.7-2018-q2-update.win32_1.0.0.201904181610/tools/bin/../lib/gcc/arm-none-eabi/7.3.1/../../../../arm-none-eabi/lib/thumb/v7e-m/fpv4-sp/hard\libc_nano.a(lib_a-init.o)
                0x00000000080052ec                __libc_init_array
 .text.memset   0x0000000008005334       0x10 c:/st/stm32cubeide_1.1.0/stm32cubeide/plugins/com.st.stm32cube.ide.mcu.externaltools.gnu-tools-for-stm32.7-2018-q2-update.win32_1.0.0.201904181610/tools/bin/../lib/gcc/arm-none-eabi/7.3.1/../../../../arm-none-eabi/lib/thumb/v7e-m/fpv4-sp/hard\libc_nano.a(lib_a-memset.o)
                0x0000000008005334                memset
 *(.glue_7)
 .glue_7        0x0000000008005344        0x0 linker stubs
 *(.glue_7t)
 .glue_7t       0x0000000008005344        0x0 linker stubs
 *(.eh_frame)
 .eh_frame      0x0000000008005344        0x0 c:/st/stm32cubeide_1.1.0/stm32cubeide/plugins/com.st.stm32cube.ide.mcu.externaltools.gnu-tools-for-stm32.7-2018-q2-update.win32_1.0.0.201904181610/tools/bin/../lib/gcc/arm-none-eabi/7.3.1/thumb/v7e-m/fpv4-sp/hard/crtbegin.o
 *(.init)
 .init          0x0000000008005344        0x4 c:/st/stm32cubeide_1.1.0/stm32cubeide/plugins/com.st.stm32cube.ide.mcu.externaltools.gnu-tools-for-stm32.7-2018-q2-update.win32_1.0.0.201904181610/tools/bin/../lib/gcc/arm-none-eabi/7.3.1/thumb/v7e-m/fpv4-sp/hard/crti.o
                0x0000000008005344                _init
 .init          0x0000000008005348        0x8 c:/st/stm32cubeide_1.1.0/stm32cubeide/plugins/com.st.stm32cube.ide.mcu.externaltools.gnu-tools-for-stm32.7-2018-q2-update.win32_1.0.0.201904181610/tools/bin/../lib/gcc/arm-none-eabi/7.3.1/thumb/v7e-m/fpv4-sp/hard/crtn.o
 *(.fini)
 .fini          0x0000000008005350        0x4 c:/st/stm32cubeide_1.1.0/stm32cubeide/plugins/com.st.stm32cube.ide.mcu.externaltools.gnu-tools-for-stm32.7-2018-q2-update.win32_1.0.0.201904181610/tools/bin/../lib/gcc/arm-none-eabi/7.3.1/thumb/v7e-m/fpv4-sp/hard/crti.o
                0x0000000008005350                _fini
 .fini          0x0000000008005354        0x8 c:/st/stm32cubeide_1.1.0/stm32cubeide/plugins/com.st.stm32cube.ide.mcu.externaltools.gnu-tools-for-stm32.7-2018-q2-update.win32_1.0.0.201904181610/tools/bin/../lib/gcc/arm-none-eabi/7.3.1/thumb/v7e-m/fpv4-sp/hard/crtn.o
                0x000000000800535c                . = ALIGN (0x4)
                0x000000000800535c                _etext = .

.vfp11_veneer   0x000000000800535c        0x0
 .vfp11_veneer  0x000000000800535c        0x0 linker stubs

.v4_bx          0x000000000800535c        0x0
 .v4_bx         0x000000000800535c        0x0 linker stubs

.iplt           0x000000000800535c        0x0
 .iplt          0x000000000800535c        0x0 c:/st/stm32cubeide_1.1.0/stm32cubeide/plugins/com.st.stm32cube.ide.mcu.externaltools.gnu-tools-for-stm32.7-2018-q2-update.win32_1.0.0.201904181610/tools/bin/../lib/gcc/arm-none-eabi/7.3.1/thumb/v7e-m/fpv4-sp/hard/crtbegin.o

.rodata         0x000000000800535c       0x18
                0x000000000800535c                . = ALIGN (0x4)
 *(.rodata)
 *(.rodata*)
 .rodata.AHBPrescTable
                0x000000000800535c       0x10 Core/Src/system_stm32f4xx.o
                0x000000000800535c                AHBPrescTable
 .rodata.APBPrescTable
                0x000000000800536c        0x8 Core/Src/system_stm32f4xx.o
                0x000000000800536c                APBPrescTable
                0x0000000008005374                . = ALIGN (0x4)

.ARM.extab      0x0000000008005374        0x0
                0x0000000008005374                . = ALIGN (0x4)
 *(.ARM.extab* .gnu.linkonce.armextab.*)
                0x0000000008005374                . = ALIGN (0x4)

.ARM            0x0000000008005374        0x8
                0x0000000008005374                . = ALIGN (0x4)
                0x0000000008005374                __exidx_start = .
 *(.ARM.exidx*)
 .ARM.exidx     0x0000000008005374        0x8 c:/st/stm32cubeide_1.1.0/stm32cubeide/plugins/com.st.stm32cube.ide.mcu.externaltools.gnu-tools-for-stm32.7-2018-q2-update.win32_1.0.0.201904181610/tools/bin/../lib/gcc/arm-none-eabi/7.3.1/thumb/v7e-m/fpv4-sp/hard\libgcc.a(_udivmoddi4.o)
                0x000000000800537c                __exidx_end = .
                0x000000000800537c                . = ALIGN (0x4)

.rel.dyn        0x000000000800537c        0x0
 .rel.iplt      0x000000000800537c        0x0 c:/st/stm32cubeide_1.1.0/stm32cubeide/plugins/com.st.stm32cube.ide.mcu.externaltools.gnu-tools-for-stm32.7-2018-q2-update.win32_1.0.0.201904181610/tools/bin/../lib/gcc/arm-none-eabi/7.3.1/thumb/v7e-m/fpv4-sp/hard/crtbegin.o

.preinit_array  0x000000000800537c        0x0
                0x000000000800537c                . = ALIGN (0x4)
                0x000000000800537c                PROVIDE (__preinit_array_start = .)
 *(.preinit_array*)
                0x000000000800537c                PROVIDE (__preinit_array_end = .)
                0x000000000800537c                . = ALIGN (0x4)

.init_array     0x000000000800537c        0x4
                0x000000000800537c                . = ALIGN (0x4)
                0x000000000800537c                PROVIDE (__init_array_start = .)
 *(SORT_BY_NAME(.init_array.*))
 *(.init_array*)
 .init_array    0x000000000800537c        0x4 c:/st/stm32cubeide_1.1.0/stm32cubeide/plugins/com.st.stm32cube.ide.mcu.externaltools.gnu-tools-for-stm32.7-2018-q2-update.win32_1.0.0.201904181610/tools/bin/../lib/gcc/arm-none-eabi/7.3.1/thumb/v7e-m/fpv4-sp/hard/crtbegin.o
                0x0000000008005380                PROVIDE (__init_array_end = .)
                0x0000000008005380                . = ALIGN (0x4)

.fini_array     0x0000000008005380        0x4
                0x0000000008005380                . = ALIGN (0x4)
                [!provide]                        PROVIDE (__fini_array_start = .)
 *(SORT_BY_NAME(.fini_array.*))
 *(.fini_array*)
 .fini_array    0x0000000008005380        0x4 c:/st/stm32cubeide_1.1.0/stm32cubeide/plugins/com.st.stm32cube.ide.mcu.externaltools.gnu-tools-for-stm32.7-2018-q2-update.win32_1.0.0.201904181610/tools/bin/../lib/gcc/arm-none-eabi/7.3.1/thumb/v7e-m/fpv4-sp/hard/crtbegin.o
                [!provide]                        PROVIDE (__fini_array_end = .)
                0x0000000008005384                . = ALIGN (0x4)
                0x0000000008005384                _sidata = LOADADDR (.data)

.data           0x0000000020000000        0xc load address 0x0000000008005384
                0x0000000020000000                . = ALIGN (0x4)
                0x0000000020000000                _sdata = .
 *(.data)
 *(.data*)
 .data.SystemCoreClock
                0x0000000020000000        0x4 Core/Src/system_stm32f4xx.o
                0x0000000020000000                SystemCoreClock
 .data.uwTickPrio
                0x0000000020000004        0x4 Drivers/STM32F4xx_HAL_Driver/Src/stm32f4xx_hal.o
                0x0000000020000004                uwTickPrio
 .data.uwTickFreq
                0x0000000020000008        0x1 Drivers/STM32F4xx_HAL_Driver/Src/stm32f4xx_hal.o
                0x0000000020000008                uwTickFreq
                0x000000002000000c                . = ALIGN (0x4)
 *fill*         0x0000000020000009        0x3 
                0x000000002000000c                _edata = .

.igot.plt       0x000000002000000c        0x0 load address 0x0000000008005390
 .igot.plt      0x000000002000000c        0x0 c:/st/stm32cubeide_1.1.0/stm32cubeide/plugins/com.st.stm32cube.ide.mcu.externaltools.gnu-tools-for-stm32.7-2018-q2-update.win32_1.0.0.201904181610/tools/bin/../lib/gcc/arm-none-eabi/7.3.1/thumb/v7e-m/fpv4-sp/hard/crtbegin.o
                0x000000002000000c                . = ALIGN (0x4)

.bss            0x000000002000000c      0x3b4 load address 0x0000000008005390
                0x000000002000000c                _sbss = .
                0x000000002000000c                __bss_start__ = _sbss
 *(.bss)
 .bss           0x000000002000000c       0x1c c:/st/stm32cubeide_1.1.0/stm32cubeide/plugins/com.st.stm32cube.ide.mcu.externaltools.gnu-tools-for-stm32.7-2018-q2-update.win32_1.0.0.201904181610/tools/bin/../lib/gcc/arm-none-eabi/7.3.1/thumb/v7e-m/fpv4-sp/hard/crtbegin.o
 *(.bss*)
 *(COMMON)
 COMMON         0x0000000020000028       0x4c Core/Src/lexilight.o
                0x0000000020000028                lexilight
 COMMON         0x0000000020000074      0x348 Core/Src/main.o
                0x0000000020000074                huart7
                0x00000000200000b4                htim4
                0x00000000200000f4                hcrc
                0x00000000200000fc                htim3
                0x000000002000013c                hspi3
                0x0000000020000194                hltdc
                0x000000002000023c                hdac
                0x0000000020000250                Uart_data
                0x00000000200002bc                htim1
                0x00000000200002fc                huart4
                0x000000002000033c                hdma2d
                0x000000002000037c                htim2
 COMMON         0x00000000200003bc        0x4 Drivers/STM32F4xx_HAL_Driver/Src/stm32f4xx_hal.o
                0x00000000200003bc                uwTick
                0x00000000200003c0                . = ALIGN (0x4)
                0x00000000200003c0                _ebss = .
                0x00000000200003c0                __bss_end__ = _ebss

._user_heap_stack
                0x00000000200003c0      0x600 load address 0x0000000008005390
                0x00000000200003c0                . = ALIGN (0x8)
                0x00000000200003c0                PROVIDE (end = .)
                [!provide]                        PROVIDE (_end = .)
                0x00000000200005c0                . = (. + _Min_Heap_Size)
 *fill*         0x00000000200003c0      0x200 
                0x00000000200009c0                . = (. + _Min_Stack_Size)
 *fill*         0x00000000200005c0      0x400 
                0x00000000200009c0                . = ALIGN (0x8)

/DISCARD/
 libc.a(*)
 libm.a(*)
 libgcc.a(*)

.ARM.attributes
                0x0000000000000000       0x30
 *(.ARM.attributes)
 .ARM.attributes
                0x0000000000000000       0x22 c:/st/stm32cubeide_1.1.0/stm32cubeide/plugins/com.st.stm32cube.ide.mcu.externaltools.gnu-tools-for-stm32.7-2018-q2-update.win32_1.0.0.201904181610/tools/bin/../lib/gcc/arm-none-eabi/7.3.1/thumb/v7e-m/fpv4-sp/hard/crti.o
 .ARM.attributes
                0x0000000000000022       0x34 c:/st/stm32cubeide_1.1.0/stm32cubeide/plugins/com.st.stm32cube.ide.mcu.externaltools.gnu-tools-for-stm32.7-2018-q2-update.win32_1.0.0.201904181610/tools/bin/../lib/gcc/arm-none-eabi/7.3.1/thumb/v7e-m/fpv4-sp/hard/crtbegin.o
 .ARM.attributes
                0x0000000000000056       0x39 Core/Src/lexilight.o
 .ARM.attributes
                0x000000000000008f       0x39 Core/Src/main.o
 .ARM.attributes
                0x00000000000000c8       0x39 Core/Src/stm32f4xx_hal_msp.o
 .ARM.attributes
                0x0000000000000101       0x39 Core/Src/stm32f4xx_it.o
 .ARM.attributes
                0x000000000000013a       0x39 Core/Src/system_stm32f4xx.o
 .ARM.attributes
                0x0000000000000173       0x21 Core/Startup/startup_stm32f429vitx.o
 .ARM.attributes
                0x0000000000000194       0x39 Drivers/STM32F4xx_HAL_Driver/Src/stm32f4xx_hal.o
 .ARM.attributes
                0x00000000000001cd       0x39 Drivers/STM32F4xx_HAL_Driver/Src/stm32f4xx_hal_cortex.o
 .ARM.attributes
                0x0000000000000206       0x39 Drivers/STM32F4xx_HAL_Driver/Src/stm32f4xx_hal_crc.o
 .ARM.attributes
                0x000000000000023f       0x39 Drivers/STM32F4xx_HAL_Driver/Src/stm32f4xx_hal_dac.o
 .ARM.attributes
                0x0000000000000278       0x39 Drivers/STM32F4xx_HAL_Driver/Src/stm32f4xx_hal_dma2d.o
 .ARM.attributes
                0x00000000000002b1       0x39 Drivers/STM32F4xx_HAL_Driver/Src/stm32f4xx_hal_gpio.o
 .ARM.attributes
                0x00000000000002ea       0x39 Drivers/STM32F4xx_HAL_Driver/Src/stm32f4xx_hal_ltdc.o
 .ARM.attributes
                0x0000000000000323       0x39 Drivers/STM32F4xx_HAL_Driver/Src/stm32f4xx_hal_rcc.o
 .ARM.attributes
                0x000000000000035c       0x39 Drivers/STM32F4xx_HAL_Driver/Src/stm32f4xx_hal_rcc_ex.o
 .ARM.attributes
                0x0000000000000395       0x39 Drivers/STM32F4xx_HAL_Driver/Src/stm32f4xx_hal_spi.o
 .ARM.attributes
                0x00000000000003ce       0x39 Drivers/STM32F4xx_HAL_Driver/Src/stm32f4xx_hal_tim.o
 .ARM.attributes
                0x0000000000000407       0x39 Drivers/STM32F4xx_HAL_Driver/Src/stm32f4xx_hal_tim_ex.o
 .ARM.attributes
                0x0000000000000440       0x39 Drivers/STM32F4xx_HAL_Driver/Src/stm32f4xx_hal_uart.o
 .ARM.attributes
                0x0000000000000479       0x34 c:/st/stm32cubeide_1.1.0/stm32cubeide/plugins/com.st.stm32cube.ide.mcu.externaltools.gnu-tools-for-stm32.7-2018-q2-update.win32_1.0.0.201904181610/tools/bin/../lib/gcc/arm-none-eabi/7.3.1/../../../../arm-none-eabi/lib/thumb/v7e-m/fpv4-sp/hard\libc_nano.a(lib_a-init.o)
 .ARM.attributes
                0x00000000000004ad       0x34 c:/st/stm32cubeide_1.1.0/stm32cubeide/plugins/com.st.stm32cube.ide.mcu.externaltools.gnu-tools-for-stm32.7-2018-q2-update.win32_1.0.0.201904181610/tools/bin/../lib/gcc/arm-none-eabi/7.3.1/../../../../arm-none-eabi/lib/thumb/v7e-m/fpv4-sp/hard\libc_nano.a(lib_a-memset.o)
 .ARM.attributes
                0x00000000000004e1       0x22 c:/st/stm32cubeide_1.1.0/stm32cubeide/plugins/com.st.stm32cube.ide.mcu.externaltools.gnu-tools-for-stm32.7-2018-q2-update.win32_1.0.0.201904181610/tools/bin/../lib/gcc/arm-none-eabi/7.3.1/thumb/v7e-m/fpv4-sp/hard\libgcc.a(_arm_addsubdf3.o)
 .ARM.attributes
                0x0000000000000503       0x22 c:/st/stm32cubeide_1.1.0/stm32cubeide/plugins/com.st.stm32cube.ide.mcu.externaltools.gnu-tools-for-stm32.7-2018-q2-update.win32_1.0.0.201904181610/tools/bin/../lib/gcc/arm-none-eabi/7.3.1/thumb/v7e-m/fpv4-sp/hard\libgcc.a(_arm_muldivdf3.o)
 .ARM.attributes
                0x0000000000000525       0x22 c:/st/stm32cubeide_1.1.0/stm32cubeide/plugins/com.st.stm32cube.ide.mcu.externaltools.gnu-tools-for-stm32.7-2018-q2-update.win32_1.0.0.201904181610/tools/bin/../lib/gcc/arm-none-eabi/7.3.1/thumb/v7e-m/fpv4-sp/hard\libgcc.a(_arm_fixunsdfsi.o)
 .ARM.attributes
                0x0000000000000547       0x22 c:/st/stm32cubeide_1.1.0/stm32cubeide/plugins/com.st.stm32cube.ide.mcu.externaltools.gnu-tools-for-stm32.7-2018-q2-update.win32_1.0.0.201904181610/tools/bin/../lib/gcc/arm-none-eabi/7.3.1/thumb/v7e-m/fpv4-sp/hard\libgcc.a(_aeabi_uldivmod.o)
 .ARM.attributes
                0x0000000000000569       0x34 c:/st/stm32cubeide_1.1.0/stm32cubeide/plugins/com.st.stm32cube.ide.mcu.externaltools.gnu-tools-for-stm32.7-2018-q2-update.win32_1.0.0.201904181610/tools/bin/../lib/gcc/arm-none-eabi/7.3.1/thumb/v7e-m/fpv4-sp/hard\libgcc.a(_udivmoddi4.o)
 .ARM.attributes
                0x000000000000059d       0x22 c:/st/stm32cubeide_1.1.0/stm32cubeide/plugins/com.st.stm32cube.ide.mcu.externaltools.gnu-tools-for-stm32.7-2018-q2-update.win32_1.0.0.201904181610/tools/bin/../lib/gcc/arm-none-eabi/7.3.1/thumb/v7e-m/fpv4-sp/hard\libgcc.a(_dvmd_tls.o)
 .ARM.attributes
                0x00000000000005bf       0x22 c:/st/stm32cubeide_1.1.0/stm32cubeide/plugins/com.st.stm32cube.ide.mcu.externaltools.gnu-tools-for-stm32.7-2018-q2-update.win32_1.0.0.201904181610/tools/bin/../lib/gcc/arm-none-eabi/7.3.1/thumb/v7e-m/fpv4-sp/hard/crtn.o
OUTPUT(Level_Lampe.elf elf32-littlearm)

.debug_info     0x0000000000000000    0x1109a
 .debug_info    0x0000000000000000      0xa7b Core/Src/lexilight.o
 .debug_info    0x0000000000000a7b     0x2605 Core/Src/main.o
 .debug_info    0x0000000000003080     0x1b49 Core/Src/stm32f4xx_hal_msp.o
 .debug_info    0x0000000000004bc9      0x20a Core/Src/stm32f4xx_it.o
 .debug_info    0x0000000000004dd3      0x56e Core/Src/system_stm32f4xx.o
 .debug_info    0x0000000000005341       0x22 Core/Startup/startup_stm32f429vitx.o
 .debug_info    0x0000000000005363      0x9b9 Drivers/STM32F4xx_HAL_Driver/Src/stm32f4xx_hal.o
 .debug_info    0x0000000000005d1c      0xe5e Drivers/STM32F4xx_HAL_Driver/Src/stm32f4xx_hal_cortex.o
 .debug_info    0x0000000000006b7a      0x441 Drivers/STM32F4xx_HAL_Driver/Src/stm32f4xx_hal_crc.o
 .debug_info    0x0000000000006fbb      0xa3a Drivers/STM32F4xx_HAL_Driver/Src/stm32f4xx_hal_dac.o
 .debug_info    0x00000000000079f5      0xf72 Drivers/STM32F4xx_HAL_Driver/Src/stm32f4xx_hal_dma2d.o
 .debug_info    0x0000000000008967      0x7cf Drivers/STM32F4xx_HAL_Driver/Src/stm32f4xx_hal_gpio.o
 .debug_info    0x0000000000009136     0x1104 Drivers/STM32F4xx_HAL_Driver/Src/stm32f4xx_hal_ltdc.o
 .debug_info    0x000000000000a23a      0x91e Drivers/STM32F4xx_HAL_Driver/Src/stm32f4xx_hal_rcc.o
 .debug_info    0x000000000000ab58      0x6bc Drivers/STM32F4xx_HAL_Driver/Src/stm32f4xx_hal_rcc_ex.o
 .debug_info    0x000000000000b214     0x163a Drivers/STM32F4xx_HAL_Driver/Src/stm32f4xx_hal_spi.o
 .debug_info    0x000000000000c84e     0x24a9 Drivers/STM32F4xx_HAL_Driver/Src/stm32f4xx_hal_tim.o
 .debug_info    0x000000000000ecf7     0x1157 Drivers/STM32F4xx_HAL_Driver/Src/stm32f4xx_hal_tim_ex.o
 .debug_info    0x000000000000fe4e     0x124c Drivers/STM32F4xx_HAL_Driver/Src/stm32f4xx_hal_uart.o

.debug_abbrev   0x0000000000000000     0x2380
 .debug_abbrev  0x0000000000000000      0x1dc Core/Src/lexilight.o
 .debug_abbrev  0x00000000000001dc      0x2b5 Core/Src/main.o
 .debug_abbrev  0x0000000000000491      0x225 Core/Src/stm32f4xx_hal_msp.o
 .debug_abbrev  0x00000000000006b6       0xc6 Core/Src/stm32f4xx_it.o
 .debug_abbrev  0x000000000000077c      0x12b Core/Src/system_stm32f4xx.o
 .debug_abbrev  0x00000000000008a7       0x12 Core/Startup/startup_stm32f429vitx.o
 .debug_abbrev  0x00000000000008b9      0x1c7 Drivers/STM32F4xx_HAL_Driver/Src/stm32f4xx_hal.o
 .debug_abbrev  0x0000000000000a80      0x2fa Drivers/STM32F4xx_HAL_Driver/Src/stm32f4xx_hal_cortex.o
 .debug_abbrev  0x0000000000000d7a      0x1b7 Drivers/STM32F4xx_HAL_Driver/Src/stm32f4xx_hal_crc.o
 .debug_abbrev  0x0000000000000f31      0x1e4 Drivers/STM32F4xx_HAL_Driver/Src/stm32f4xx_hal_dac.o
 .debug_abbrev  0x0000000000001115      0x211 Drivers/STM32F4xx_HAL_Driver/Src/stm32f4xx_hal_dma2d.o
 .debug_abbrev  0x0000000000001326      0x1c9 Drivers/STM32F4xx_HAL_Driver/Src/stm32f4xx_hal_gpio.o
 .debug_abbrev  0x00000000000014ef      0x209 Drivers/STM32F4xx_HAL_Driver/Src/stm32f4xx_hal_ltdc.o
 .debug_abbrev  0x00000000000016f8      0x245 Drivers/STM32F4xx_HAL_Driver/Src/stm32f4xx_hal_rcc.o
 .debug_abbrev  0x000000000000193d      0x173 Drivers/STM32F4xx_HAL_Driver/Src/stm32f4xx_hal_rcc_ex.o
 .debug_abbrev  0x0000000000001ab0      0x240 Drivers/STM32F4xx_HAL_Driver/Src/stm32f4xx_hal_spi.o
 .debug_abbrev  0x0000000000001cf0      0x230 Drivers/STM32F4xx_HAL_Driver/Src/stm32f4xx_hal_tim.o
 .debug_abbrev  0x0000000000001f20      0x21e Drivers/STM32F4xx_HAL_Driver/Src/stm32f4xx_hal_tim_ex.o
 .debug_abbrev  0x000000000000213e      0x242 Drivers/STM32F4xx_HAL_Driver/Src/stm32f4xx_hal_uart.o

.debug_aranges  0x0000000000000000     0x11e8
 .debug_aranges
                0x0000000000000000       0x90 Core/Src/lexilight.o
 .debug_aranges
                0x0000000000000090       0x98 Core/Src/main.o
 .debug_aranges
                0x0000000000000128       0xa8 Core/Src/stm32f4xx_hal_msp.o
 .debug_aranges
                0x00000000000001d0       0x60 Core/Src/stm32f4xx_it.o
 .debug_aranges
                0x0000000000000230       0x28 Core/Src/system_stm32f4xx.o
 .debug_aranges
                0x0000000000000258       0x28 Core/Startup/startup_stm32f429vitx.o
 .debug_aranges
                0x0000000000000280      0x100 Drivers/STM32F4xx_HAL_Driver/Src/stm32f4xx_hal.o
 .debug_aranges
                0x0000000000000380      0x118 Drivers/STM32F4xx_HAL_Driver/Src/stm32f4xx_hal_cortex.o
 .debug_aranges
                0x0000000000000498       0x50 Drivers/STM32F4xx_HAL_Driver/Src/stm32f4xx_hal_crc.o
 .debug_aranges
                0x00000000000004e8       0xc0 Drivers/STM32F4xx_HAL_Driver/Src/stm32f4xx_hal_dac.o
 .debug_aranges
                0x00000000000005a8      0x118 Drivers/STM32F4xx_HAL_Driver/Src/stm32f4xx_hal_dma2d.o
 .debug_aranges
                0x00000000000006c0       0x58 Drivers/STM32F4xx_HAL_Driver/Src/stm32f4xx_hal_gpio.o
 .debug_aranges
                0x0000000000000718      0x158 Drivers/STM32F4xx_HAL_Driver/Src/stm32f4xx_hal_ltdc.o
 .debug_aranges
                0x0000000000000870       0x88 Drivers/STM32F4xx_HAL_Driver/Src/stm32f4xx_hal_rcc.o
 .debug_aranges
                0x00000000000008f8       0x58 Drivers/STM32F4xx_HAL_Driver/Src/stm32f4xx_hal_rcc_ex.o
 .debug_aranges
                0x0000000000000950      0x1d0 Drivers/STM32F4xx_HAL_Driver/Src/stm32f4xx_hal_spi.o
 .debug_aranges
                0x0000000000000b20      0x3a8 Drivers/STM32F4xx_HAL_Driver/Src/stm32f4xx_hal_tim.o
 .debug_aranges
                0x0000000000000ec8      0x150 Drivers/STM32F4xx_HAL_Driver/Src/stm32f4xx_hal_tim_ex.o
 .debug_aranges
                0x0000000000001018      0x1d0 Drivers/STM32F4xx_HAL_Driver/Src/stm32f4xx_hal_uart.o

.debug_ranges   0x0000000000000000     0x10c0
 .debug_ranges  0x0000000000000000       0x80 Core/Src/lexilight.o
 .debug_ranges  0x0000000000000080       0x88 Core/Src/main.o
 .debug_ranges  0x0000000000000108       0x98 Core/Src/stm32f4xx_hal_msp.o
 .debug_ranges  0x00000000000001a0       0x50 Core/Src/stm32f4xx_it.o
 .debug_ranges  0x00000000000001f0       0x18 Core/Src/system_stm32f4xx.o
 .debug_ranges  0x0000000000000208       0x20 Core/Startup/startup_stm32f429vitx.o
 .debug_ranges  0x0000000000000228       0xf0 Drivers/STM32F4xx_HAL_Driver/Src/stm32f4xx_hal.o
 .debug_ranges  0x0000000000000318      0x108 Drivers/STM32F4xx_HAL_Driver/Src/stm32f4xx_hal_cortex.o
 .debug_ranges  0x0000000000000420       0x40 Drivers/STM32F4xx_HAL_Driver/Src/stm32f4xx_hal_crc.o
 .debug_ranges  0x0000000000000460       0xb0 Drivers/STM32F4xx_HAL_Driver/Src/stm32f4xx_hal_dac.o
 .debug_ranges  0x0000000000000510      0x108 Drivers/STM32F4xx_HAL_Driver/Src/stm32f4xx_hal_dma2d.o
 .debug_ranges  0x0000000000000618       0x48 Drivers/STM32F4xx_HAL_Driver/Src/stm32f4xx_hal_gpio.o
 .debug_ranges  0x0000000000000660      0x148 Drivers/STM32F4xx_HAL_Driver/Src/stm32f4xx_hal_ltdc.o
 .debug_ranges  0x00000000000007a8       0x78 Drivers/STM32F4xx_HAL_Driver/Src/stm32f4xx_hal_rcc.o
 .debug_ranges  0x0000000000000820       0x48 Drivers/STM32F4xx_HAL_Driver/Src/stm32f4xx_hal_rcc_ex.o
 .debug_ranges  0x0000000000000868      0x1c0 Drivers/STM32F4xx_HAL_Driver/Src/stm32f4xx_hal_spi.o
 .debug_ranges  0x0000000000000a28      0x398 Drivers/STM32F4xx_HAL_Driver/Src/stm32f4xx_hal_tim.o
 .debug_ranges  0x0000000000000dc0      0x140 Drivers/STM32F4xx_HAL_Driver/Src/stm32f4xx_hal_tim_ex.o
 .debug_ranges  0x0000000000000f00      0x1c0 Drivers/STM32F4xx_HAL_Driver/Src/stm32f4xx_hal_uart.o

.debug_macro    0x0000000000000000    0x24d6d
 .debug_macro   0x0000000000000000      0x246 Core/Src/lexilight.o
 .debug_macro   0x0000000000000246      0xa5a Core/Src/lexilight.o
 .debug_macro   0x0000000000000ca0      0x1a8 Core/Src/lexilight.o
 .debug_macro   0x0000000000000e48       0x32 Core/Src/lexilight.o
 .debug_macro   0x0000000000000e7a       0x28 Core/Src/lexilight.o
 .debug_macro   0x0000000000000ea2       0x22 Core/Src/lexilight.o
 .debug_macro   0x0000000000000ec4       0x8e Core/Src/lexilight.o
 .debug_macro   0x0000000000000f52       0x51 Core/Src/lexilight.o
 .debug_macro   0x0000000000000fa3       0xef Core/Src/lexilight.o
 .debug_macro   0x0000000000001092       0x6a Core/Src/lexilight.o
 .debug_macro   0x00000000000010fc      0x1df Core/Src/lexilight.o
 .debug_macro   0x00000000000012db       0x1c Core/Src/lexilight.o
 .debug_macro   0x00000000000012f7       0x22 Core/Src/lexilight.o
 .debug_macro   0x0000000000001319       0xdf Core/Src/lexilight.o
 .debug_macro   0x00000000000013f8     0x102d Core/Src/lexilight.o
 .debug_macro   0x0000000000002425      0x11f Core/Src/lexilight.o
 .debug_macro   0x0000000000002544    0x17f79 Core/Src/lexilight.o
 .debug_macro   0x000000000001a4bd       0x43 Core/Src/lexilight.o
 .debug_macro   0x000000000001a500     0x36c2 Core/Src/lexilight.o
 .debug_macro   0x000000000001dbc2      0x174 Core/Src/lexilight.o
 .debug_macro   0x000000000001dd36       0x5a Core/Src/lexilight.o
 .debug_macro   0x000000000001dd90      0xca5 Core/Src/lexilight.o
 .debug_macro   0x000000000001ea35      0x9fe Core/Src/lexilight.o
 .debug_macro   0x000000000001f433      0x182 Core/Src/lexilight.o
 .debug_macro   0x000000000001f5b5      0x117 Core/Src/lexilight.o
 .debug_macro   0x000000000001f6cc      0x157 Core/Src/lexilight.o
 .debug_macro   0x000000000001f823       0x27 Core/Src/lexilight.o
 .debug_macro   0x000000000001f84a      0x287 Core/Src/lexilight.o
 .debug_macro   0x000000000001fad1       0x5f Core/Src/lexilight.o
 .debug_macro   0x000000000001fb30      0x236 Core/Src/lexilight.o
 .debug_macro   0x000000000001fd66       0x22 Core/Src/lexilight.o
 .debug_macro   0x000000000001fd88      0x20f Core/Src/lexilight.o
 .debug_macro   0x000000000001ff97       0xea Core/Src/lexilight.o
 .debug_macro   0x0000000000020081       0xa0 Core/Src/lexilight.o
 .debug_macro   0x0000000000020121       0x3c Core/Src/lexilight.o
 .debug_macro   0x000000000002015d      0x132 Core/Src/lexilight.o
 .debug_macro   0x000000000002028f      0x41d Core/Src/lexilight.o
 .debug_macro   0x00000000000206ac       0x2e Core/Src/lexilight.o
 .debug_macro   0x00000000000206da      0x198 Core/Src/lexilight.o
 .debug_macro   0x0000000000020872       0xd6 Core/Src/lexilight.o
 .debug_macro   0x0000000000020948      0x11a Core/Src/lexilight.o
 .debug_macro   0x0000000000020a62       0xe2 Core/Src/lexilight.o
 .debug_macro   0x0000000000020b44       0x89 Core/Src/lexilight.o
 .debug_macro   0x0000000000020bcd      0x225 Core/Src/lexilight.o
 .debug_macro   0x0000000000020df2      0x8a0 Core/Src/lexilight.o
 .debug_macro   0x0000000000021692       0x47 Core/Src/lexilight.o
 .debug_macro   0x00000000000216d9      0x287 Core/Src/lexilight.o
 .debug_macro   0x0000000000021960      0x134 Core/Src/lexilight.o
 .debug_macro   0x0000000000021a94      0x130 Core/Src/lexilight.o
 .debug_macro   0x0000000000021bc4       0x22 Core/Src/lexilight.o
 .debug_macro   0x0000000000021be6       0x40 Core/Src/lexilight.o
 .debug_macro   0x0000000000021c26      0x3a4 Core/Src/main.o
 .debug_macro   0x0000000000021fca       0x46 Core/Src/main.o
 .debug_macro   0x0000000000022010       0x18 Core/Src/main.o
 .debug_macro   0x0000000000022028       0x3c Core/Src/main.o
 .debug_macro   0x0000000000022064       0x34 Core/Src/main.o
 .debug_macro   0x0000000000022098       0x16 Core/Src/main.o
 .debug_macro   0x00000000000220ae       0x35 Core/Src/main.o
 .debug_macro   0x00000000000220e3      0x32a Core/Src/main.o
 .debug_macro   0x000000000002240d       0x10 Core/Src/main.o
 .debug_macro   0x000000000002241d       0x52 Core/Src/main.o
 .debug_macro   0x000000000002246f       0x1f Core/Src/main.o
 .debug_macro   0x000000000002248e       0x43 Core/Src/main.o
 .debug_macro   0x00000000000224d1       0x20 Core/Src/main.o
 .debug_macro   0x00000000000224f1      0x1a3 Core/Src/main.o
 .debug_macro   0x0000000000022694       0x10 Core/Src/main.o
 .debug_macro   0x00000000000226a4       0x1c Core/Src/main.o
 .debug_macro   0x00000000000226c0       0x52 Core/Src/main.o
 .debug_macro   0x0000000000022712       0x40 Core/Src/main.o
 .debug_macro   0x0000000000022752       0x10 Core/Src/main.o
 .debug_macro   0x0000000000022762       0x40 Core/Src/main.o
 .debug_macro   0x00000000000227a2       0xd7 Core/Src/main.o
 .debug_macro   0x0000000000022879       0x1c Core/Src/main.o
 .debug_macro   0x0000000000022895       0x3d Core/Src/main.o
 .debug_macro   0x00000000000228d2       0x16 Core/Src/main.o
 .debug_macro   0x00000000000228e8      0x145 Core/Src/main.o
 .debug_macro   0x0000000000022a2d       0x46 Core/Src/main.o
 .debug_macro   0x0000000000022a73      0x22e Core/Src/stm32f4xx_hal_msp.o
 .debug_macro   0x0000000000022ca1      0x238 Core/Src/stm32f4xx_it.o
 .debug_macro   0x0000000000022ed9      0x225 Core/Src/system_stm32f4xx.o
 .debug_macro   0x00000000000230fe      0x27f Drivers/STM32F4xx_HAL_Driver/Src/stm32f4xx_hal.o
 .debug_macro   0x000000000002337d      0x21f Drivers/STM32F4xx_HAL_Driver/Src/stm32f4xx_hal_cortex.o
 .debug_macro   0x000000000002359c      0x21f Drivers/STM32F4xx_HAL_Driver/Src/stm32f4xx_hal_crc.o
 .debug_macro   0x00000000000237bb      0x220 Drivers/STM32F4xx_HAL_Driver/Src/stm32f4xx_hal_dac.o
 .debug_macro   0x00000000000239db      0x22e Drivers/STM32F4xx_HAL_Driver/Src/stm32f4xx_hal_dma2d.o
 .debug_macro   0x0000000000023c09      0x255 Drivers/STM32F4xx_HAL_Driver/Src/stm32f4xx_hal_gpio.o
 .debug_macro   0x0000000000023e5e      0x220 Drivers/STM32F4xx_HAL_Driver/Src/stm32f4xx_hal_ltdc.o
 .debug_macro   0x000000000002407e      0x243 Drivers/STM32F4xx_HAL_Driver/Src/stm32f4xx_hal_rcc.o
 .debug_macro   0x00000000000242c1      0x21f Drivers/STM32F4xx_HAL_Driver/Src/stm32f4xx_hal_rcc_ex.o
 .debug_macro   0x00000000000244e0      0x22e Drivers/STM32F4xx_HAL_Driver/Src/stm32f4xx_hal_spi.o
 .debug_macro   0x000000000002470e      0x220 Drivers/STM32F4xx_HAL_Driver/Src/stm32f4xx_hal_tim.o
 .debug_macro   0x000000000002492e      0x21f Drivers/STM32F4xx_HAL_Driver/Src/stm32f4xx_hal_tim_ex.o
 .debug_macro   0x0000000000024b4d      0x220 Drivers/STM32F4xx_HAL_Driver/Src/stm32f4xx_hal_uart.o

.debug_line     0x0000000000000000     0xd714
 .debug_line    0x0000000000000000      0x8e4 Core/Src/lexilight.o
 .debug_line    0x00000000000008e4      0xbdc Core/Src/main.o
 .debug_line    0x00000000000014c0      0x94e Core/Src/stm32f4xx_hal_msp.o
 .debug_line    0x0000000000001e0e      0x810 Core/Src/stm32f4xx_it.o
 .debug_line    0x000000000000261e      0x787 Core/Src/system_stm32f4xx.o
 .debug_line    0x0000000000002da5       0x86 Core/Startup/startup_stm32f429vitx.o
 .debug_line    0x0000000000002e2b      0x995 Drivers/STM32F4xx_HAL_Driver/Src/stm32f4xx_hal.o
 .debug_line    0x00000000000037c0      0xa95 Drivers/STM32F4xx_HAL_Driver/Src/stm32f4xx_hal_cortex.o
 .debug_line    0x0000000000004255      0x820 Drivers/STM32F4xx_HAL_Driver/Src/stm32f4xx_hal_crc.o
 .debug_line    0x0000000000004a75      0x9c5 Drivers/STM32F4xx_HAL_Driver/Src/stm32f4xx_hal_dac.o
 .debug_line    0x000000000000543a      0xd32 Drivers/STM32F4xx_HAL_Driver/Src/stm32f4xx_hal_dma2d.o
 .debug_line    0x000000000000616c      0x978 Drivers/STM32F4xx_HAL_Driver/Src/stm32f4xx_hal_gpio.o
 .debug_line    0x0000000000006ae4     0x1043 Drivers/STM32F4xx_HAL_Driver/Src/stm32f4xx_hal_ltdc.o
 .debug_line    0x0000000000007b27      0x9c9 Drivers/STM32F4xx_HAL_Driver/Src/stm32f4xx_hal_rcc.o
 .debug_line    0x00000000000084f0      0x910 Drivers/STM32F4xx_HAL_Driver/Src/stm32f4xx_hal_rcc_ex.o
 .debug_line    0x0000000000008e00     0x1124 Drivers/STM32F4xx_HAL_Driver/Src/stm32f4xx_hal_spi.o
 .debug_line    0x0000000000009f24     0x19ea Drivers/STM32F4xx_HAL_Driver/Src/stm32f4xx_hal_tim.o
 .debug_line    0x000000000000b90e      0xd87 Drivers/STM32F4xx_HAL_Driver/Src/stm32f4xx_hal_tim_ex.o
 .debug_line    0x000000000000c695     0x107f Drivers/STM32F4xx_HAL_Driver/Src/stm32f4xx_hal_uart.o

.debug_str      0x0000000000000000    0xdf5ad
 .debug_str     0x0000000000000000    0xd68af Core/Src/lexilight.o
                                      0xd6bd2 (size before relaxing)
 .debug_str     0x00000000000d68af     0x4f7b Core/Src/main.o
                                      0xdb932 (size before relaxing)
 .debug_str     0x00000000000db82a      0x182 Core/Src/stm32f4xx_hal_msp.o
                                      0xd72f7 (size before relaxing)
 .debug_str     0x00000000000db9ac       0xbd Core/Src/stm32f4xx_it.o
                                      0xd637a (size before relaxing)
 .debug_str     0x00000000000dba69       0xc4 Core/Src/system_stm32f4xx.o
                                      0xd5fa2 (size before relaxing)
 .debug_str     0x00000000000dbb2d       0x36 Core/Startup/startup_stm32f429vitx.o
                                         0x76 (size before relaxing)
 .debug_str     0x00000000000dbb63      0xb07 Drivers/STM32F4xx_HAL_Driver/Src/stm32f4xx_hal.o
                                      0xd6b0e (size before relaxing)
 .debug_str     0x00000000000dc66a      0x399 Drivers/STM32F4xx_HAL_Driver/Src/stm32f4xx_hal_cortex.o
                                      0xd68af (size before relaxing)
 .debug_str     0x00000000000dca03       0xaa Drivers/STM32F4xx_HAL_Driver/Src/stm32f4xx_hal_crc.o
                                      0xd5fd4 (size before relaxing)
 .debug_str     0x00000000000dcaad      0x1cd Drivers/STM32F4xx_HAL_Driver/Src/stm32f4xx_hal_dac.o
                                      0xd63b3 (size before relaxing)
 .debug_str     0x00000000000dcc7a      0x3a7 Drivers/STM32F4xx_HAL_Driver/Src/stm32f4xx_hal_dma2d.o
                                      0xd6589 (size before relaxing)
 .debug_str     0x00000000000dd021      0x207 Drivers/STM32F4xx_HAL_Driver/Src/stm32f4xx_hal_gpio.o
                                      0xd61e1 (size before relaxing)
 .debug_str     0x00000000000dd228      0x48a Drivers/STM32F4xx_HAL_Driver/Src/stm32f4xx_hal_ltdc.o
                                      0xd65e3 (size before relaxing)
 .debug_str     0x00000000000dd6b2      0x259 Drivers/STM32F4xx_HAL_Driver/Src/stm32f4xx_hal_rcc.o
                                      0xd638f (size before relaxing)
 .debug_str     0x00000000000dd90b      0x145 Drivers/STM32F4xx_HAL_Driver/Src/stm32f4xx_hal_rcc_ex.o
                                      0xd6180 (size before relaxing)
 .debug_str     0x00000000000dda50      0x55a Drivers/STM32F4xx_HAL_Driver/Src/stm32f4xx_hal_spi.o
                                      0xd67fd (size before relaxing)
 .debug_str     0x00000000000ddfaa      0xc7b Drivers/STM32F4xx_HAL_Driver/Src/stm32f4xx_hal_tim.o
                                      0xd709b (size before relaxing)
 .debug_str     0x00000000000dec25      0x4a2 Drivers/STM32F4xx_HAL_Driver/Src/stm32f4xx_hal_tim_ex.o
                                      0xd689b (size before relaxing)
 .debug_str     0x00000000000df0c7      0x4e6 Drivers/STM32F4xx_HAL_Driver/Src/stm32f4xx_hal_uart.o
                                      0xd67db (size before relaxing)

.comment        0x0000000000000000       0x7b
 .comment       0x0000000000000000       0x7b Core/Src/lexilight.o
                                         0x7c (size before relaxing)
 .comment       0x000000000000007b       0x7c Core/Src/main.o
 .comment       0x000000000000007b       0x7c Core/Src/stm32f4xx_hal_msp.o
 .comment       0x000000000000007b       0x7c Core/Src/stm32f4xx_it.o
 .comment       0x000000000000007b       0x7c Core/Src/system_stm32f4xx.o
 .comment       0x000000000000007b       0x7c Drivers/STM32F4xx_HAL_Driver/Src/stm32f4xx_hal.o
 .comment       0x000000000000007b       0x7c Drivers/STM32F4xx_HAL_Driver/Src/stm32f4xx_hal_cortex.o
 .comment       0x000000000000007b       0x7c Drivers/STM32F4xx_HAL_Driver/Src/stm32f4xx_hal_crc.o
 .comment       0x000000000000007b       0x7c Drivers/STM32F4xx_HAL_Driver/Src/stm32f4xx_hal_dac.o
 .comment       0x000000000000007b       0x7c Drivers/STM32F4xx_HAL_Driver/Src/stm32f4xx_hal_dma2d.o
 .comment       0x000000000000007b       0x7c Drivers/STM32F4xx_HAL_Driver/Src/stm32f4xx_hal_gpio.o
 .comment       0x000000000000007b       0x7c Drivers/STM32F4xx_HAL_Driver/Src/stm32f4xx_hal_ltdc.o
 .comment       0x000000000000007b       0x7c Drivers/STM32F4xx_HAL_Driver/Src/stm32f4xx_hal_rcc.o
 .comment       0x000000000000007b       0x7c Drivers/STM32F4xx_HAL_Driver/Src/stm32f4xx_hal_rcc_ex.o
 .comment       0x000000000000007b       0x7c Drivers/STM32F4xx_HAL_Driver/Src/stm32f4xx_hal_spi.o
 .comment       0x000000000000007b       0x7c Drivers/STM32F4xx_HAL_Driver/Src/stm32f4xx_hal_tim.o
 .comment       0x000000000000007b       0x7c Drivers/STM32F4xx_HAL_Driver/Src/stm32f4xx_hal_tim_ex.o
 .comment       0x000000000000007b       0x7c Drivers/STM32F4xx_HAL_Driver/Src/stm32f4xx_hal_uart.o

.debug_frame    0x0000000000000000     0x4d94
 .debug_frame   0x0000000000000000      0x248 Core/Src/lexilight.o
 .debug_frame   0x0000000000000248      0x230 Core/Src/main.o
 .debug_frame   0x0000000000000478      0x2bc Core/Src/stm32f4xx_hal_msp.o
 .debug_frame   0x0000000000000734      0x10c Core/Src/stm32f4xx_it.o
 .debug_frame   0x0000000000000840       0x58 Core/Src/system_stm32f4xx.o
 .debug_frame   0x0000000000000898      0x3b4 Drivers/STM32F4xx_HAL_Driver/Src/stm32f4xx_hal.o
 .debug_frame   0x0000000000000c4c      0x498 Drivers/STM32F4xx_HAL_Driver/Src/stm32f4xx_hal_cortex.o
 .debug_frame   0x00000000000010e4      0x120 Drivers/STM32F4xx_HAL_Driver/Src/stm32f4xx_hal_crc.o
 .debug_frame   0x0000000000001204      0x338 Drivers/STM32F4xx_HAL_Driver/Src/stm32f4xx_hal_dac.o
 .debug_frame   0x000000000000153c      0x4e0 Drivers/STM32F4xx_HAL_Driver/Src/stm32f4xx_hal_dma2d.o
 .debug_frame   0x0000000000001a1c      0x14c Drivers/STM32F4xx_HAL_Driver/Src/stm32f4xx_hal_gpio.o
 .debug_frame   0x0000000000001b68      0x61c Drivers/STM32F4xx_HAL_Driver/Src/stm32f4xx_hal_ltdc.o
 .debug_frame   0x0000000000002184      0x1f0 Drivers/STM32F4xx_HAL_Driver/Src/stm32f4xx_hal_rcc.o
 .debug_frame   0x0000000000002374      0x13c Drivers/STM32F4xx_HAL_Driver/Src/stm32f4xx_hal_rcc_ex.o
 .debug_frame   0x00000000000024b0      0x824 Drivers/STM32F4xx_HAL_Driver/Src/stm32f4xx_hal_spi.o
 .debug_frame   0x0000000000002cd4     0x10f0 Drivers/STM32F4xx_HAL_Driver/Src/stm32f4xx_hal_tim.o
 .debug_frame   0x0000000000003dc4      0x5c0 Drivers/STM32F4xx_HAL_Driver/Src/stm32f4xx_hal_tim_ex.o
 .debug_frame   0x0000000000004384      0x844 Drivers/STM32F4xx_HAL_Driver/Src/stm32f4xx_hal_uart.o
 .debug_frame   0x0000000000004bc8       0x2c c:/st/stm32cubeide_1.1.0/stm32cubeide/plugins/com.st.stm32cube.ide.mcu.externaltools.gnu-tools-for-stm32.7-2018-q2-update.win32_1.0.0.201904181610/tools/bin/../lib/gcc/arm-none-eabi/7.3.1/../../../../arm-none-eabi/lib/thumb/v7e-m/fpv4-sp/hard\libc_nano.a(lib_a-init.o)
 .debug_frame   0x0000000000004bf4       0x20 c:/st/stm32cubeide_1.1.0/stm32cubeide/plugins/com.st.stm32cube.ide.mcu.externaltools.gnu-tools-for-stm32.7-2018-q2-update.win32_1.0.0.201904181610/tools/bin/../lib/gcc/arm-none-eabi/7.3.1/../../../../arm-none-eabi/lib/thumb/v7e-m/fpv4-sp/hard\libc_nano.a(lib_a-memset.o)
 .debug_frame   0x0000000000004c14       0xac c:/st/stm32cubeide_1.1.0/stm32cubeide/plugins/com.st.stm32cube.ide.mcu.externaltools.gnu-tools-for-stm32.7-2018-q2-update.win32_1.0.0.201904181610/tools/bin/../lib/gcc/arm-none-eabi/7.3.1/thumb/v7e-m/fpv4-sp/hard\libgcc.a(_arm_addsubdf3.o)
 .debug_frame   0x0000000000004cc0       0x50 c:/st/stm32cubeide_1.1.0/stm32cubeide/plugins/com.st.stm32cube.ide.mcu.externaltools.gnu-tools-for-stm32.7-2018-q2-update.win32_1.0.0.201904181610/tools/bin/../lib/gcc/arm-none-eabi/7.3.1/thumb/v7e-m/fpv4-sp/hard\libgcc.a(_arm_muldivdf3.o)
 .debug_frame   0x0000000000004d10       0x24 c:/st/stm32cubeide_1.1.0/stm32cubeide/plugins/com.st.stm32cube.ide.mcu.externaltools.gnu-tools-for-stm32.7-2018-q2-update.win32_1.0.0.201904181610/tools/bin/../lib/gcc/arm-none-eabi/7.3.1/thumb/v7e-m/fpv4-sp/hard\libgcc.a(_arm_fixunsdfsi.o)
 .debug_frame   0x0000000000004d34       0x2c c:/st/stm32cubeide_1.1.0/stm32cubeide/plugins/com.st.stm32cube.ide.mcu.externaltools.gnu-tools-for-stm32.7-2018-q2-update.win32_1.0.0.201904181610/tools/bin/../lib/gcc/arm-none-eabi/7.3.1/thumb/v7e-m/fpv4-sp/hard\libgcc.a(_aeabi_uldivmod.o)
 .debug_frame   0x0000000000004d60       0x34 c:/st/stm32cubeide_1.1.0/stm32cubeide/plugins/com.st.stm32cube.ide.mcu.externaltools.gnu-tools-for-stm32.7-2018-q2-update.win32_1.0.0.201904181610/tools/bin/../lib/gcc/arm-none-eabi/7.3.1/thumb/v7e-m/fpv4-sp/hard\libgcc.a(_udivmoddi4.o)
