main.c:93:13:SPIx_Error	8	static
main.c:103:13:SPIx_Write	24	static
main.c:117:13:LCD_IO_Init	8	static
main.c:125:17:LCD_IO_WriteReg	24	static
main.c:136:17:LCD_IO_WriteData	24	static
main.c:147:13:LCD_IO_Delay	16	static
main.c:181:6:HAL_UART_RxCpltCallback	24	static
main.c:208:6:HAL_GPIO_EXTI_Callback	16	static
main.c:241:5:main	144	static
main.c:371:6:SystemClock_Config	136	static
main.c:426:13:MX_CRC_Init	8	static
main.c:452:13:MX_DAC_Init	16	static
main.c:490:13:MX_DMA2D_Init	8	static
main.c:527:13:MX_I2C1_Init	8	static
main.c:573:13:MX_LTDC_Init	64	static
main.c:635:13:MX_SPI3_Init	8	static
main.c:673:13:MX_TIM1_Init	32	static
main.c:719:13:MX_TIM2_Init	48	static
main.c:768:13:MX_TIM3_Init	48	static
main.c:817:13:MX_TIM4_Init	48	static
main.c:866:13:MX_UART4_Init	8	static
main.c:899:13:MX_UART7_Init	8	static
main.c:932:13:MX_GPIO_Init	56	static
main.c:1084:6:Error_Handler	4	static
