main.c:95:13:SPIx_Error	8	static
main.c:105:13:SPIx_Write	24	static
main.c:119:17:SPIx_Read	16	static
main.c:134:13:LCD_IO_Init	8	static
main.c:142:17:LCD_IO_WriteReg	16	static
main.c:150:17:LCD_IO_WriteData	16	static
main.c:157:13:LCD_IO_Delay	16	static
main.c:163:17:LCD_IO_ReadData	24	static
main.c:192:6:HAL_UART_RxCpltCallback	24	static
main.c:219:6:HAL_GPIO_EXTI_Callback	16	static
main.c:252:5:main	144	static
main.c:384:6:SystemClock_Config	136	static
main.c:439:13:MX_CRC_Init	8	static
main.c:465:13:MX_DAC_Init	16	static
main.c:503:13:MX_DMA2D_Init	8	static
main.c:540:13:MX_I2C1_Init	8	static
main.c:586:13:MX_LTDC_Init	64	static
main.c:651:13:MX_SPI3_Init	8	static
main.c:689:13:MX_TIM1_Init	32	static
main.c:735:13:MX_TIM2_Init	48	static
main.c:784:13:MX_TIM3_Init	48	static
main.c:833:13:MX_TIM4_Init	48	static
main.c:882:13:MX_UART4_Init	8	static
main.c:915:13:MX_UART7_Init	8	static
main.c:948:13:MX_GPIO_Init	56	static
main.c:1102:6:Error_Handler	4	static
