stm32f4xx_hal_msp.c:66:6:HAL_MspInit	16	static
stm32f4xx_hal_msp.c:88:6:HAL_CRC_MspInit	24	static
stm32f4xx_hal_msp.c:110:6:HAL_CRC_MspDeInit	16	static
stm32f4xx_hal_msp.c:132:6:HAL_DAC_MspInit	48	static
stm32f4xx_hal_msp.c:165:6:HAL_DAC_MspDeInit	16	static
stm32f4xx_hal_msp.c:193:6:HAL_DMA2D_MspInit	24	static
stm32f4xx_hal_msp.c:215:6:HAL_DMA2D_MspDeInit	16	static
stm32f4xx_hal_msp.c:237:6:HAL_I2C_MspInit	48	static
stm32f4xx_hal_msp.c:273:6:HAL_I2C_MspDeInit	16	static
stm32f4xx_hal_msp.c:302:6:HAL_LTDC_MspInit	64	static
stm32f4xx_hal_msp.c:402:6:HAL_LTDC_MspDeInit	16	static
stm32f4xx_hal_msp.c:463:6:HAL_SPI_MspInit	48	static
stm32f4xx_hal_msp.c:499:6:HAL_SPI_MspDeInit	16	static
stm32f4xx_hal_msp.c:528:6:HAL_TIM_Base_MspInit	24	static
stm32f4xx_hal_msp.c:550:6:HAL_TIM_PWM_MspInit	32	static
stm32f4xx_hal_msp.c:588:6:HAL_TIM_MspPostInit	48	static
stm32f4xx_hal_msp.c:661:6:HAL_TIM_Base_MspDeInit	16	static
stm32f4xx_hal_msp.c:683:6:HAL_TIM_PWM_MspDeInit	16	static
stm32f4xx_hal_msp.c:727:6:HAL_UART_MspInit	56	static
stm32f4xx_hal_msp.c:790:6:HAL_UART_MspDeInit	16	static
