st7789h2.c:132:6:ST7789H2_Init	24	static
st7789h2.c:289:6:ST7789H2_SetOrientation	24	static
st7789h2.c:331:6:ST7789H2_DisplayOn	8	static
st7789h2.c:345:6:ST7789H2_DisplayOff	16	static
st7789h2.c:362:10:ST7789H2_GetLcdPixelWidth	4	static
st7789h2.c:372:10:ST7789H2_GetLcdPixelHeight	4	static
st7789h2.c:382:10:ST7789H2_ReadID	8	static
st7789h2.c:395:6:ST7789H2_SetCursor	24	static
st7789h2.c:419:6:ST7789H2_WritePixel	16	static
st7789h2.c:437:10:ST7789H2_ReadPixel	32	static
st7789h2.c:466:6:ST7789H2_WriteReg	24	static
st7789h2.c:485:9:ST7789H2_ReadReg	16	static
st7789h2.c:506:6:ST7789H2_SetDisplayWindow	16	static
st7789h2.c:553:6:ST7789H2_DrawHLine	32	static
st7789h2.c:578:6:ST7789H2_DrawVLine	32	static
st7789h2.c:602:6:ST7789H2_DrawBitmap	40	static
st7789h2.c:639:6:ST7789H2_DrawRGBImage	32	static
st7789h2.c:666:24:ST7789H2_ReadPixel_rgb888	32	static
st7789h2.c:709:13:ST7789H2_DrawRGBHLine	40	static
